###############################################################
#  Generated by:      Cadence Innovus 15.23-s045_1
#  OS:                Linux x86_64(Host ID ieng6-ece-08.ucsd.edu)
#  Generated on:      Sun Mar 23 09:46:18 2025
#  Design:            sram_w16_in
#  Command:           verifyConnectivity
###############################################################
Verify Connectivity Report is created on Sun Mar 23 09:46:18 2025



Net VSS: has special routes with opens at (10.000, 104.805) (310.000, 105.995)
Net VSS: has special routes with opens at (10.000, 108.405) (310.000, 109.165)
Net VSS: has special routes with opens at (10.000, 101.205) (310.000, 102.395)
Net VSS: has special routes with opens at (10.000, 86.805) (310.000, 88.095)
Net VSS: has special routes with opens at (10.000, 90.305) (310.000, 91.595)
Net VSS: has special routes with opens at (10.000, 94.005) (310.000, 95.195)
Net VSS: has special routes with opens at (10.000, 97.605) (310.000, 98.795)
Net VSS: has special routes with opens at (10.000, 79.605) (310.000, 80.795)
Net VSS: has special routes with opens at (10.000, 83.205) (310.000, 84.395)
Net VSS: has special routes with opens at (10.000, 61.505) (310.000, 62.895)
Net VSS: has special routes with opens at (10.000, 65.205) (310.000, 66.495)
Net VSS: has special routes with opens at (10.000, 68.705) (310.000, 70.095)
Net VSS: has special routes with opens at (10.000, 72.405) (310.000, 73.690)
Net VSS: has special routes with opens at (10.000, 75.910) (310.000, 77.290)
Net VSS: has special routes with opens at (10.000, 39.905) (310.000, 41.295)
Net VSS: has special routes with opens at (10.000, 43.505) (310.000, 44.895)
Net VSS: has special routes with opens at (10.000, 47.105) (310.000, 48.495)
Net VSS: has special routes with opens at (10.000, 50.705) (310.000, 52.095)
Net VSS: has special routes with opens at (10.000, 57.905) (310.000, 59.295)
Net VSS: has special routes with opens at (10.000, 54.305) (310.000, 55.695)
Net VSS: has special routes with opens at (10.000, 32.805) (310.000, 33.995)
Net VSS: has special routes with opens at (10.000, 36.405) (310.000, 37.695)
Net VSS: has special routes with opens at (10.000, 22.005) (310.000, 23.195)
Net VSS: has special routes with opens at (10.000, 25.605) (310.000, 26.895)
Net VSS: has special routes with opens at (10.000, 29.105) (310.000, 30.395)
Net VSS: has special routes with opens at (10.000, 18.405) (310.000, 19.595)
Net VSS: has special routes with opens at (10.000, 14.805) (310.000, 15.995)
Net VSS: has special routes with opens at (10.000, 11.205) (310.000, 12.395)
Net VSS: has special routes with opens at (10.000, 109.000) (310.000, 110.000)
Net VSS: has special routes with opens at (10.000, 98.225) (310.000, 99.225)
Net VSS: has special routes with opens at (10.000, 87.450) (310.000, 88.450)
Net VSS: has special routes with opens at (10.000, 76.675) (310.000, 77.675)
Net VSS: has special routes with opens at (10.000, 65.900) (310.000, 66.900)
Net VSS: has special routes with opens at (10.000, 55.125) (310.000, 56.125)
Net VSS: has special routes with opens at (10.000, 44.350) (310.000, 45.350)
Net VSS: has special routes with opens at (10.000, 33.575) (310.000, 34.575)
Net VSS: has special routes with opens at (10.000, 22.800) (310.000, 23.800)
Net VSS: has special routes with opens at (10.000, 12.025) (310.000, 13.025)
Net VSS: dangling Wire at (310.000, 109.000) (310.000, 109.000) on layer: M1
Net VSS: dangling Wire at (310.000, 87.400) (310.000, 87.400) on layer: M1
Net VSS: dangling Wire at (310.000, 94.600) (310.000, 94.600) on layer: M1
Net VSS: dangling Wire at (310.000, 98.200) (310.000, 98.200) on layer: M1
Net VSS: dangling Wire at (310.000, 83.800) (310.000, 83.800) on layer: M1
Net VSS: dangling Wire at (310.000, 76.600) (310.000, 76.600) on layer: M1
Net VSS: dangling Wire at (310.000, 55.000) (310.000, 55.000) on layer: M1
Net VSS: dangling Wire at (310.000, 22.600) (310.000, 22.600) on layer: M1
Net VSS: dangling Wire at (310.000, 26.200) (310.000, 26.200) on layer: M1
Net VSS: dangling Wire at (310.000, 15.400) (310.000, 15.400) on layer: M1
Net VSS: dangling Wire at (310.000, 11.800) (310.000, 11.800) on layer: M1
Net VSS: dangling Wire at (10.000, 109.500) (10.000, 109.500) on layer: M4
Net VSS: dangling Wire at (310.000, 109.500) (310.000, 109.500) on layer: M4
Net VSS: dangling Wire at (10.000, 98.725) (10.000, 98.725) on layer: M4
Net VSS: dangling Wire at (310.000, 98.725) (310.000, 98.725) on layer: M4
Net VSS: dangling Wire at (10.000, 87.950) (10.000, 87.950) on layer: M4
Net VSS: dangling Wire at (310.000, 87.950) (310.000, 87.950) on layer: M4
Net VSS: dangling Wire at (10.000, 77.175) (10.000, 77.175) on layer: M4
Net VSS: dangling Wire at (310.000, 77.175) (310.000, 77.175) on layer: M4
Net VSS: dangling Wire at (10.000, 66.400) (10.000, 66.400) on layer: M4
Net VSS: dangling Wire at (310.000, 66.400) (310.000, 66.400) on layer: M4
Net VSS: dangling Wire at (10.000, 55.625) (10.000, 55.625) on layer: M4
Net VSS: dangling Wire at (310.000, 55.625) (310.000, 55.625) on layer: M4
Net VSS: dangling Wire at (10.000, 44.850) (10.000, 44.850) on layer: M4
Net VSS: dangling Wire at (310.000, 44.850) (310.000, 44.850) on layer: M4
Net VSS: dangling Wire at (10.000, 34.075) (10.000, 34.075) on layer: M4
Net VSS: dangling Wire at (310.000, 34.075) (310.000, 34.075) on layer: M4
Net VSS: dangling Wire at (10.000, 23.300) (10.000, 23.300) on layer: M4
Net VSS: dangling Wire at (310.000, 23.300) (310.000, 23.300) on layer: M4
Net VSS: dangling Wire at (10.000, 12.525) (10.000, 12.525) on layer: M4
Net VSS: dangling Wire at (310.000, 12.525) (310.000, 12.525) on layer: M4
Net VDD: has special routes with opens at (10.000, 102.840) (310.000, 104.330)
Net VDD: has special routes with opens at (10.000, 106.470) (310.000, 107.930)
Net VDD: has special routes with opens at (10.000, 88.440) (310.000, 89.960)
Net VDD: has special routes with opens at (10.000, 92.040) (310.000, 93.560)
Net VDD: has special routes with opens at (10.000, 84.840) (310.000, 86.360)
Net VDD: has special routes with opens at (10.000, 81.240) (310.000, 82.730)
Net VDD: has special routes with opens at (10.000, 95.640) (310.000, 97.160)
Net VDD: has special routes with opens at (10.000, 59.640) (310.000, 61.160)
Net VDD: has special routes with opens at (10.000, 63.240) (310.000, 64.760)
Net VDD: has special routes with opens at (10.000, 77.640) (310.000, 79.160)
Net VDD: has special routes with opens at (10.000, 74.030) (310.000, 75.560)
Net VDD: has special routes with opens at (10.000, 70.440) (310.000, 71.930)
Net VDD: has special routes with opens at (10.000, 66.840) (310.000, 68.360)
Net VDD: has special routes with opens at (10.000, 99.240) (310.000, 100.760)
Net VDD: has special routes with opens at (10.000, 41.620) (310.000, 43.160)
Net VDD: has special routes with opens at (10.000, 45.230) (310.000, 46.780)
Net VDD: has special routes with opens at (10.000, 48.830) (310.000, 50.380)
Net VDD: has special routes with opens at (10.000, 52.420) (310.000, 53.980)
Net VDD: has special routes with opens at (10.000, 56.040) (310.000, 57.560)
Net VDD: has special routes with opens at (10.000, 34.440) (310.000, 35.930)
Net VDD: has special routes with opens at (10.000, 38.020) (310.000, 39.580)
Net VDD: has special routes with opens at (10.000, 20.040) (310.000, 21.530)
Net VDD: has special routes with opens at (10.000, 23.670) (310.000, 25.130)
Net VDD: has special routes with opens at (10.000, 27.240) (310.000, 28.760)
Net VDD: has special routes with opens at (10.000, 30.870) (310.000, 32.330)
Net VDD: has special routes with opens at (10.000, 16.470) (310.000, 17.930)
Net VDD: has special routes with opens at (10.000, 12.870) (310.000, 14.330)
Net VDD: has special routes with opens at (10.000, 9.835) (310.000, 10.730)
Net VDD: has special routes with opens at (10.000, 107.000) (310.000, 108.000)
Net VDD: has special routes with opens at (10.000, 96.225) (310.000, 97.225)
Net VDD: has special routes with opens at (10.000, 85.450) (310.000, 86.450)
Net VDD: has special routes with opens at (10.000, 74.675) (310.000, 75.675)
Net VDD: has special routes with opens at (10.000, 63.900) (310.000, 64.900)
Net VDD: has special routes with opens at (10.000, 53.125) (310.000, 54.125)
Net VDD: has special routes with opens at (10.000, 42.350) (310.000, 43.350)
Net VDD: has special routes with opens at (10.000, 31.575) (310.000, 32.575)
Net VDD: has special routes with opens at (10.000, 20.800) (310.000, 21.800)
Net VDD: has special routes with opens at (10.000, 10.025) (310.000, 11.025)
Net VDD: dangling Wire at (310.000, 107.200) (310.000, 107.200) on layer: M1
Net VDD: dangling Wire at (310.000, 85.600) (310.000, 85.600) on layer: M1
Net VDD: dangling Wire at (310.000, 82.000) (310.000, 82.000) on layer: M1
Net VDD: dangling Wire at (310.000, 96.400) (310.000, 96.400) on layer: M1
Net VDD: dangling Wire at (310.000, 74.800) (310.000, 74.800) on layer: M1
Net VDD: dangling Wire at (310.000, 53.200) (310.000, 53.200) on layer: M1
Net VDD: dangling Wire at (310.000, 24.400) (310.000, 24.400) on layer: M1
Net VDD: dangling Wire at (310.000, 17.200) (310.000, 17.200) on layer: M1
Net VDD: dangling Wire at (310.000, 13.600) (310.000, 13.600) on layer: M1
Net VDD: dangling Wire at (310.000, 10.000) (310.000, 10.000) on layer: M1
Net VDD: dangling Wire at (10.000, 107.500) (10.000, 107.500) on layer: M4
Net VDD: dangling Wire at (310.000, 107.500) (310.000, 107.500) on layer: M4
Net VDD: dangling Wire at (10.000, 96.725) (10.000, 96.725) on layer: M4
Net VDD: dangling Wire at (310.000, 96.725) (310.000, 96.725) on layer: M4
Net VDD: dangling Wire at (10.000, 85.950) (10.000, 85.950) on layer: M4
Net VDD: dangling Wire at (310.000, 85.950) (310.000, 85.950) on layer: M4
Net VDD: dangling Wire at (10.000, 75.175) (10.000, 75.175) on layer: M4
Net VDD: dangling Wire at (310.000, 75.175) (310.000, 75.175) on layer: M4
Net VDD: dangling Wire at (10.000, 64.400) (10.000, 64.400) on layer: M4
Net VDD: dangling Wire at (310.000, 64.400) (310.000, 64.400) on layer: M4
Net VDD: dangling Wire at (10.000, 53.625) (10.000, 53.625) on layer: M4
Net VDD: dangling Wire at (310.000, 53.625) (310.000, 53.625) on layer: M4
Net VDD: dangling Wire at (10.000, 42.850) (10.000, 42.850) on layer: M4
Net VDD: dangling Wire at (310.000, 42.850) (310.000, 42.850) on layer: M4
Net VDD: dangling Wire at (10.000, 32.075) (10.000, 32.075) on layer: M4
Net VDD: dangling Wire at (310.000, 32.075) (310.000, 32.075) on layer: M4
Net VDD: dangling Wire at (10.000, 21.300) (10.000, 21.300) on layer: M4
Net VDD: dangling Wire at (310.000, 21.300) (310.000, 21.300) on layer: M4
Net VDD: dangling Wire at (10.000, 10.525) (10.000, 10.525) on layer: M4
Net VDD: dangling Wire at (310.000, 10.525) (310.000, 10.525) on layer: M4

Begin Summary
    76 Problem(s) (IMPVFC-200): Special Wires: Pieces of the net are not connected together.
    61 Problem(s) (IMPVFC-94): The net has dangling wire(s).
    137 total info(s) created.
End Summary
