*----------------------------------------------------------------------------------------
*	Innovus 15.23-s045_1 (64bit) 04/22/2016 12:32 (Linux 2.6.18-194.el5)
*	
*
* 	Date & Time:	2025-Mar-23 09:46:20 (2025-Mar-23 16:46:20 GMT)
*
*----------------------------------------------------------------------------------------
*
*	Design: sram_w16_in
*
*	Liberty Libraries used: 
*	        WC_VIEW: /home/linux/ieng6/ee260bwi25/public/PDKdata/lib/tcbn65gpluswc.lib
*
*	Power Domain used: 
*		Rail:        VDD 	Voltage:        0.9 
*
*       Power View : WC_VIEW
*
*       User-Defined Activity : N.A.
*
*       Activity File: N.A.
*
*       Hierarchical Global Activity: N.A.
*
*       Global Activity: N.A.
*
*       Sequential Element Activity: 0.200000
*
*       Primary Input Activity: 0.200000
*
*       Default icg ratio: N.A.
*
*       Global Comb ClockGate Ratio: N.A.
*
*	Power Units = 1mW
*
*	Time Units = 1e-09 secs 
*
*       report_power -outfile sram_w16_in.post_route.power.rpt
*
-----------------------------------------------------------------------------------------


Total Power 
-----------------------------------------------------------------------------------------
Total Internal Power:        8.84417453 	   80.0748%
Total Switching Power:       2.03629560 	   18.4365%
Total Leakage Power:         0.16442275 	    1.4887%
Total Power:                11.04489300 
-----------------------------------------------------------------------------------------


Group                           Internal   Switching     Leakage       Total  Percentage 
                                Power      Power         Power         Power  (%)        
-----------------------------------------------------------------------------------------
Sequential                         8.229      0.1636     0.06261       8.455       76.55 
Macro                                  0           0     0.07806     0.07806      0.7067 
IO                                     0           0           0           0           0 
Combinational                     0.1646      0.3793     0.02079      0.5647       5.112 
Clock (Combinational)             0.4506       1.493    0.002958       1.947       17.63 
Clock (Sequential)                     0           0           0           0           0 
-----------------------------------------------------------------------------------------
Total                              8.844       2.036      0.1644       11.04         100 
-----------------------------------------------------------------------------------------


Rail                  Voltage   Internal   Switching     Leakage       Total  Percentage 
                                Power      Power         Power         Power  (%)        
-----------------------------------------------------------------------------------------
VDD                       0.9      8.844       2.036      0.1644       11.04         100 


Clock                           Internal   Switching     Leakage       Total  Percentage 
                                Power      Power         Power         Power  (%)        
-----------------------------------------------------------------------------------------
CLK                               0.4506       1.493    0.002958       1.947       17.63 
-----------------------------------------------------------------------------------------
Total (excluding duplicates)      0.4506       1.493    0.002958       1.947       17.63 
-----------------------------------------------------------------------------------------


-----------------------------------------------------------------------------------------
*	Power Distribution Summary: 
* 		Highest Average Power:   CTS_ccl_BUF_CLK_G0_L2_3 (CKBD16): 	     0.153 
* 		Highest Leakage Power:   CTS_ccl_BUF_CLK_G0_L1_1 (CKBD16): 	 0.0002228 
* 		Total Cap: 	1.46049e-11 F
* 		Total instances in design:  3878
* 		Total instances in design with no power:     0
*          Total instances in design with no activity:     0
* 		Total Fillers and Decap:  1789
-----------------------------------------------------------------------------------------

