###############################################################
#  Generated by:      Cadence Innovus 15.23-s045_1
#  OS:                Linux x86_64(Host ID ieng6-ece-08.ucsd.edu)
#  Generated on:      Sun Mar 23 09:46:20 2025
#  Design:            sram_w16_in
#  Command:           report_timing -max_paths 5 > ${design}.post_route.timing.rpt
###############################################################
Path 1: MET Setup Check with Pin Q_reg_47_/CP 
Endpoint:   Q_reg_47_/D (v) checked with  leading edge of 'CLK'
Beginpoint: A[2]        (^) triggered by  leading edge of 'CLK'
Path Groups: {CLK}
Analysis View: WC_VIEW
Other End Arrival Time          0.161
- Setup                         0.070
+ Phase Shift                   1.000
+ CPPR Adjustment               0.000
= Required Time                 1.091
- Arrival Time                  1.075
= Slack Time                    0.016
     Clock Rise Edge                      0.000
     + Input Delay                        0.550
     = Beginpoint Arrival Time            0.550
     +-----------------------------------------------------------------------+ 
     |    Instance     |     Arc      |  Cell   | Delay | Arrival | Required | 
     |                 |              |         |       |  Time   |   Time   | 
     |-----------------+--------------+---------+-------+---------+----------| 
     |                 | A[2] ^       |         |       |   0.550 |    0.566 | 
     | FE_RC_88_0      | I ^ -> ZN v  | CKND3   | 0.016 |   0.566 |    0.582 | 
     | U770            | A2 v -> ZN ^ | ND2D3   | 0.030 |   0.596 |    0.612 | 
     | FE_RC_307_0     | A1 ^ -> Z ^  | OR2D2   | 0.112 |   0.708 |    0.724 | 
     | FE_OCPC203_n758 | I ^ -> ZN v  | INVD12  | 0.061 |   0.769 |    0.785 | 
     | U1405           | A1 v -> ZN ^ | AOI22D0 | 0.110 |   0.879 |    0.895 | 
     | U924            | A3 ^ -> Z ^  | AN4D1   | 0.154 |   1.032 |    1.049 | 
     | U1025           | A1 ^ -> ZN v | CKND2D2 | 0.042 |   1.074 |    1.091 | 
     | Q_reg_47_       | D v          | EDFQD1  | 0.000 |   1.075 |    1.091 | 
     +-----------------------------------------------------------------------+ 
Path 2: MET Setup Check with Pin Q_reg_33_/CP 
Endpoint:   Q_reg_33_/D (v) checked with  leading edge of 'CLK'
Beginpoint: A[1]        (^) triggered by  leading edge of 'CLK'
Path Groups: {CLK}
Analysis View: WC_VIEW
Other End Arrival Time          0.165
- Setup                         0.082
+ Phase Shift                   1.000
+ CPPR Adjustment               0.000
= Required Time                 1.083
- Arrival Time                  1.066
= Slack Time                    0.017
     Clock Rise Edge                      0.000
     + Input Delay                        0.550
     = Beginpoint Arrival Time            0.550
     +-------------------------------------------------------------------------------+ 
     |        Instance         |     Arc      |  Cell   | Delay | Arrival | Required | 
     |                         |              |         |       |  Time   |   Time   | 
     |-------------------------+--------------+---------+-------+---------+----------| 
     |                         | A[1] ^       |         |       |   0.550 |    0.567 | 
     | U776_dup                | I ^ -> ZN v  | INVD4   | 0.016 |   0.566 |    0.583 | 
     | U769_dup1               | A2 v -> ZN ^ | CKND2D2 | 0.034 |   0.600 |    0.617 | 
     | FE_RC_304_0             | A1 ^ -> Z ^  | OR2D4   | 0.075 |   0.675 |    0.692 | 
     | FE_OFC108_n771_dup_dup1 | I ^ -> ZN v  | INVD3   | 0.062 |   0.737 |    0.754 | 
     | U1225                   | B1 v -> ZN ^ | AOI22D0 | 0.130 |   0.867 |    0.885 | 
     | U885                    | A1 ^ -> Z ^  | AN4XD1  | 0.129 |   0.996 |    1.013 | 
     | U883                    | A1 ^ -> ZN v | ND2D0   | 0.070 |   1.066 |    1.083 | 
     | Q_reg_33_               | D v          | EDFQD1  | 0.000 |   1.066 |    1.083 | 
     +-------------------------------------------------------------------------------+ 
Path 3: MET Setup Check with Pin Q_reg_34_/CP 
Endpoint:   Q_reg_34_/D (v) checked with  leading edge of 'CLK'
Beginpoint: A[2]        (^) triggered by  leading edge of 'CLK'
Path Groups: {CLK}
Analysis View: WC_VIEW
Other End Arrival Time          0.164
- Setup                         0.071
+ Phase Shift                   1.000
+ CPPR Adjustment               0.000
= Required Time                 1.093
- Arrival Time                  1.075
= Slack Time                    0.018
     Clock Rise Edge                      0.000
     + Input Delay                        0.550
     = Beginpoint Arrival Time            0.550
     +-----------------------------------------------------------------------+ 
     |    Instance     |     Arc      |  Cell   | Delay | Arrival | Required | 
     |                 |              |         |       |  Time   |   Time   | 
     |-----------------+--------------+---------+-------+---------+----------| 
     |                 | A[2] ^       |         |       |   0.550 |    0.568 | 
     | FE_RC_88_0      | I ^ -> ZN v  | CKND3   | 0.016 |   0.566 |    0.584 | 
     | U770            | A2 v -> ZN ^ | ND2D3   | 0.030 |   0.596 |    0.614 | 
     | FE_RC_307_0     | A1 ^ -> Z ^  | OR2D2   | 0.112 |   0.708 |    0.726 | 
     | FE_OCPC203_n758 | I ^ -> ZN v  | INVD12  | 0.061 |   0.769 |    0.787 | 
     | U1249           | A1 v -> ZN ^ | AOI22D1 | 0.078 |   0.847 |    0.865 | 
     | FE_RC_219_0     | A4 ^ -> ZN v | ND4D0   | 0.118 |   0.965 |    0.983 | 
     | FE_RC_220_0     | I v -> ZN ^  | CKND1   | 0.062 |   1.027 |    1.045 | 
     | U886            | A2 ^ -> ZN v | CKND2D1 | 0.048 |   1.075 |    1.093 | 
     | Q_reg_34_       | D v          | EDFQD1  | 0.000 |   1.075 |    1.093 | 
     +-----------------------------------------------------------------------+ 
Path 4: MET Setup Check with Pin Q_reg_0_/CP 
Endpoint:   Q_reg_0_/D (v) checked with  leading edge of 'CLK'
Beginpoint: A[1]       (^) triggered by  leading edge of 'CLK'
Path Groups: {CLK}
Analysis View: WC_VIEW
Other End Arrival Time          0.172
- Setup                         0.076
+ Phase Shift                   1.000
+ CPPR Adjustment               0.000
= Required Time                 1.096
- Arrival Time                  1.073
= Slack Time                    0.023
     Clock Rise Edge                      0.000
     + Input Delay                        0.550
     = Beginpoint Arrival Time            0.550
     +-----------------------------------------------------------------------+ 
     |    Instance     |     Arc      |  Cell   | Delay | Arrival | Required | 
     |                 |              |         |       |  Time   |   Time   | 
     |-----------------+--------------+---------+-------+---------+----------| 
     |                 | A[1] ^       |         |       |   0.550 |    0.573 | 
     | U776_dup        | I ^ -> ZN v  | INVD4   | 0.016 |   0.566 |    0.589 | 
     | U769_dup_dup    | A2 v -> ZN ^ | ND2D0   | 0.046 |   0.612 |    0.635 | 
     | U974            | A1 ^ -> ZN v | NR2D2   | 0.038 |   0.650 |    0.673 | 
     | FE_OCPC240_n779 | I v -> ZN ^  | CKND4   | 0.043 |   0.692 |    0.715 | 
     | FE_OCPC242_n779 | I ^ -> ZN v  | CKND8   | 0.057 |   0.749 |    0.772 | 
     | U1521           | B1 v -> ZN ^ | AOI22D1 | 0.100 |   0.849 |    0.872 | 
     | FE_RC_296_0     | A1 ^ -> ZN v | ND3D1   | 0.094 |   0.943 |    0.966 | 
     | FE_RC_323_0     | A2 v -> Z v  | OR3D1   | 0.130 |   1.073 |    1.096 | 
     | Q_reg_0_        | D v          | EDFQD1  | 0.000 |   1.073 |    1.096 | 
     +-----------------------------------------------------------------------+ 
Path 5: MET Setup Check with Pin Q_reg_55_/CP 
Endpoint:   Q_reg_55_/D (v) checked with  leading edge of 'CLK'
Beginpoint: A[3]        (^) triggered by  leading edge of 'CLK'
Path Groups: {CLK}
Analysis View: WC_VIEW
Other End Arrival Time          0.166
- Setup                         0.070
+ Phase Shift                   1.000
+ CPPR Adjustment               0.000
= Required Time                 1.097
- Arrival Time                  1.073
= Slack Time                    0.023
     Clock Rise Edge                      0.000
     + Input Delay                        0.550
     = Beginpoint Arrival Time            0.550
     +-------------------------------------------------------------------------+ 
     |     Instance      |     Arc      |  Cell   | Delay | Arrival | Required | 
     |                   |              |         |       |  Time   |   Time   | 
     |-------------------+--------------+---------+-------+---------+----------| 
     |                   | A[3] ^       |         |       |   0.550 |    0.573 | 
     | U774_dup          | I ^ -> ZN v  | CKND1   | 0.028 |   0.578 |    0.602 | 
     | U773              | A1 v -> ZN ^ | ND2D2   | 0.031 |   0.610 |    0.633 | 
     | U972              | A1 ^ -> ZN v | NR2XD2  | 0.032 |   0.642 |    0.666 | 
     | FE_OFC33_n780_dup | I v -> Z v   | BUFFD4  | 0.082 |   0.724 |    0.747 | 
     | FE_OFC164_n780    | I v -> Z v   | BUFFD2  | 0.077 |   0.801 |    0.824 | 
     | U1461             | B1 v -> ZN ^ | AOI22D1 | 0.067 |   0.867 |    0.891 | 
     | FE_RC_130_0       | A2 ^ -> Z ^  | AN4D0   | 0.160 |   1.027 |    1.050 | 
     | U945              | A2 ^ -> ZN v | CKND2D1 | 0.046 |   1.073 |    1.097 | 
     | Q_reg_55_         | D v          | EDFQD1  | 0.000 |   1.073 |    1.097 | 
     +-------------------------------------------------------------------------+ 

