###############################################################
#  Generated by:      Cadence Innovus 15.23-s045_1
#  OS:                Linux x86_64(Host ID ieng6-ece-08.ucsd.edu)
#  Generated on:      Sun Mar 23 19:30:09 2025
#  Design:            fullchip
#  Command:           report_timing -max_paths 5 > ${design}.post_route.timing.rpt
###############################################################
Path 1: VIOLATED Late External Delay Assertion 
Endpoint:   out[159]                (^) checked with  leading edge of 'clk'
Beginpoint: core_instance0/out[159] (^) triggered by  leading edge of 'clk'
Path Groups: {clk}
Analysis View: WC_VIEW
Other End Arrival Time          0.000
- External Delay                0.200
+ Phase Shift                   1.000
+ CPPR Adjustment               0.000
= Required Time                 0.800
- Arrival Time                  2.499
= Slack Time                   -1.699
     Clock Rise Edge                 0.000
     + Clock Network Latency (Prop)  0.747
     = Beginpoint Arrival Time       0.747
     +-------------------------------------------------------------------------------+ 
     |     Instance     |         Arc         |  Cell   | Delay | Arrival | Required | 
     |                  |                     |         |       |  Time   |   Time   | 
     |------------------+---------------------+---------+-------+---------+----------| 
     | core_instance0   | clk ^               |         |       |   0.747 |   -0.952 | 
     | core_instance0   | clk ^ -> out[159] ^ | core    | 1.637 |   2.383 |    0.684 | 
     | FE_OFC1_out_159_ | I ^ -> Z ^          | BUFFD16 | 0.106 |   2.489 |    0.790 | 
     |                  | out[159] ^          |         | 0.010 |   2.499 |    0.800 | 
     +-------------------------------------------------------------------------------+ 
Path 2: VIOLATED Late External Delay Assertion 
Endpoint:   out[319]                (^) checked with  leading edge of 'clk'
Beginpoint: core_instance1/out[159] (^) triggered by  leading edge of 'clk'
Path Groups: {clk}
Analysis View: WC_VIEW
Other End Arrival Time          0.000
- External Delay                0.200
+ Phase Shift                   1.000
+ CPPR Adjustment               0.000
= Required Time                 0.800
- Arrival Time                  2.440
= Slack Time                   -1.640
     Clock Rise Edge                 0.000
     + Clock Network Latency (Prop)  0.751
     = Beginpoint Arrival Time       0.751
     +--------------------------------------------------------------------------+ 
     |    Instance    |         Arc         | Cell | Delay | Arrival | Required | 
     |                |                     |      |       |  Time   |   Time   | 
     |----------------+---------------------+------+-------+---------+----------| 
     | core_instance1 | clk ^               |      |       |   0.751 |   -0.888 | 
     | core_instance1 | clk ^ -> out[159] ^ | core | 1.687 |   2.438 |    0.798 | 
     |                | out[319] ^          |      | 0.002 |   2.440 |    0.800 | 
     +--------------------------------------------------------------------------+ 
Path 3: VIOLATED Late External Delay Assertion 
Endpoint:   out[19]                (^) checked with  leading edge of 'clk'
Beginpoint: core_instance0/out[19] (^) triggered by  leading edge of 'clk'
Path Groups: {clk}
Analysis View: WC_VIEW
Other End Arrival Time          0.000
- External Delay                0.200
+ Phase Shift                   1.000
+ CPPR Adjustment               0.000
= Required Time                 0.800
- Arrival Time                  2.322
= Slack Time                   -1.522
     Clock Rise Edge                 0.000
     + Clock Network Latency (Prop)  0.747
     = Beginpoint Arrival Time       0.747
     +-------------------------------------------------------------------------------+ 
     |     Instance      |        Arc         |  Cell   | Delay | Arrival | Required | 
     |                   |                    |         |       |  Time   |   Time   | 
     |-------------------+--------------------+---------+-------+---------+----------| 
     | core_instance0    | clk ^              |         |       |   0.747 |   -0.776 | 
     | core_instance0    | clk ^ -> out[19] ^ | core    | 1.446 |   2.193 |    0.670 | 
     | FE_OFC173_out_19_ | I ^ -> Z ^         | BUFFD16 | 0.124 |   2.317 |    0.794 | 
     |                   | out[19] ^          |         | 0.006 |   2.322 |    0.800 | 
     +-------------------------------------------------------------------------------+ 
Path 4: VIOLATED Late External Delay Assertion 
Endpoint:   out[3]                (^) checked with  leading edge of 'clk'
Beginpoint: core_instance0/out[3] (^) triggered by  leading edge of 'clk'
Path Groups: {clk}
Analysis View: WC_VIEW
Other End Arrival Time          0.000
- External Delay                0.200
+ Phase Shift                   1.000
+ CPPR Adjustment               0.000
= Required Time                 0.800
- Arrival Time                  2.303
= Slack Time                   -1.503
     Clock Rise Edge                 0.000
     + Clock Network Latency (Prop)  0.747
     = Beginpoint Arrival Time       0.747
     +-----------------------------------------------------------------------------+ 
     |     Instance     |        Arc        |  Cell   | Delay | Arrival | Required | 
     |                  |                   |         |       |  Time   |   Time   | 
     |------------------+-------------------+---------+-------+---------+----------| 
     | core_instance0   | clk ^             |         |       |   0.747 |   -0.757 | 
     | core_instance0   | clk ^ -> out[3] ^ | core    | 1.447 |   2.194 |    0.690 | 
     | FE_OFC205_out_3_ | I ^ -> Z ^        | BUFFD16 | 0.101 |   2.295 |    0.792 | 
     |                  | out[3] ^          |         | 0.008 |   2.303 |    0.800 | 
     +-----------------------------------------------------------------------------+ 
Path 5: VIOLATED Late External Delay Assertion 
Endpoint:   out[119]                (^) checked with  leading edge of 'clk'
Beginpoint: core_instance0/out[119] (^) triggered by  leading edge of 'clk'
Path Groups: {clk}
Analysis View: WC_VIEW
Other End Arrival Time          0.000
- External Delay                0.200
+ Phase Shift                   1.000
+ CPPR Adjustment               0.000
= Required Time                 0.800
- Arrival Time                  2.298
= Slack Time                   -1.498
     Clock Rise Edge                 0.000
     + Clock Network Latency (Prop)  0.747
     = Beginpoint Arrival Time       0.747
     +----------------------------------------------------------------------------------+ 
     |      Instance       |         Arc         |  Cell   | Delay | Arrival | Required | 
     |                     |                     |         |       |  Time   |   Time   | 
     |---------------------+---------------------+---------+-------+---------+----------| 
     | core_instance0      | clk ^               |         |       |   0.747 |   -0.751 | 
     | core_instance0      | clk ^ -> out[119] ^ | core    | 1.477 |   2.223 |    0.725 | 
     | FE_OCPC232_out_119_ | I ^ -> Z ^          | BUFFD16 | 0.060 |   2.284 |    0.786 | 
     |                     | out[119] ^          |         | 0.014 |   2.298 |    0.800 | 
     +----------------------------------------------------------------------------------+ 

