###############################################################
#  Generated by:      Cadence Innovus 15.23-s045_1
#  OS:                Linux x86_64(Host ID ieng6-ece-08.ucsd.edu)
#  Generated on:      Sun Mar 23 10:38:28 2025
#  Design:            core
#  Command:           report_timing -max_paths 5 > ${design}.post_route.timing.rpt
###############################################################
Path 1: VIOLATED Late External Delay Assertion 
Endpoint:   out[142]                                 (^) checked with  leading 
edge of 'clk'
Beginpoint: sfp_row_instance/sfp_in_temp_reg_7__4_/Q (^) triggered by  leading 
edge of 'clk'
Path Groups: {clk}
Analysis View: WC_VIEW
Other End Arrival Time          0.000
- External Delay                0.200
+ Phase Shift                   1.000
+ CPPR Adjustment               0.000
= Required Time                 0.800
- Arrival Time                  2.012
= Slack Time                   -1.212
     Clock Rise Edge                 0.000
     + Clock Network Latency (Prop)  0.707
     = Beginpoint Arrival Time       0.707
     +---------------------------------------------------------------------------------------------------------------------------+ 
     |                    Instance                    |      Arc       |            Cell            | Delay | Arrival | Required | 
     |                                                |                |                            |       |  Time   |   Time   | 
     |------------------------------------------------+----------------+----------------------------+-------+---------+----------| 
     | sfp_row_instance/sfp_in_temp_reg_7__4_         | CP ^           |                            |       |   0.707 |   -0.505 | 
     | sfp_row_instance/sfp_in_temp_reg_7__4_         | CP ^ -> Q ^    | SDFQD1                     | 0.133 |   0.840 |   -0.372 | 
     | sfp_row_instance/FE_OCPC4021_sfp_in_temp_7__4_ | I ^ -> Z ^     | BUFFD8                     | 0.055 |   0.895 |   -0.317 | 
     | sfp_row_instance/U2101                         | A2 ^ -> Z ^    | OR2XD1                     | 0.048 |   0.943 |   -0.269 | 
     | sfp_row_instance/FE_RC_9208_0                  | I ^ -> ZN v    | INVD1                      | 0.021 |   0.964 |   -0.248 | 
     | sfp_row_instance/FE_RC_9207_0                  | A1 v -> ZN v   | IAO21D4                    | 0.109 |   1.073 |   -0.139 | 
     | sfp_row_instance/U3225                         | A1 v -> Z v    | OA21D4                     | 0.072 |   1.145 |   -0.067 | 
     | sfp_row_instance/U1382                         | A1 v -> ZN ^   | OAI21D2                    | 0.048 |   1.193 |   -0.019 | 
     | sfp_row_instance/FE_RC_3756_0                  | A1 ^ -> ZN v   | ND2D2                      | 0.032 |   1.225 |    0.012 | 
     | sfp_row_instance/FE_RC_3755_0                  | A1 v -> ZN ^   | ND2D2                      | 0.028 |   1.253 |    0.041 | 
     | sfp_row_instance/U3002                         | A1 ^ -> ZN v   | ND2D3                      | 0.036 |   1.289 |    0.077 | 
     | sfp_row_instance/U3679                         | A1 v -> ZN ^   | ND2D8                      | 0.030 |   1.320 |    0.107 | 
     | sfp_row_instance/FE_RC_4296_0                  | A1 ^ -> ZN v   | NR2XD4                     | 0.023 |   1.342 |    0.130 | 
     | sfp_row_instance/U2750                         | A1 v -> ZN ^   | NR2D8                      | 0.036 |   1.379 |    0.167 | 
     | sfp_row_instance/U2748                         | A1 ^ -> ZN v   | ND2D4                      | 0.035 |   1.413 |    0.201 | 
     | sfp_row_instance/U223                          | I v -> ZN ^    | INVD6                      | 0.028 |   1.441 |    0.229 | 
     | sfp_row_instance/U222                          | A1 ^ -> ZN v   | ND2D3                      | 0.025 |   1.466 |    0.254 | 
     | sfp_row_instance/U2064                         | A1 v -> ZN ^   | ND3D3                      | 0.026 |   1.492 |    0.280 | 
     | sfp_row_instance/U792                          | A1 ^ -> ZN v   | ND2D4                      | 0.036 |   1.528 |    0.315 | 
     | sfp_row_instance/U44                           | A2 v -> ZN ^   | ND2D4                      | 0.041 |   1.569 |    0.356 | 
     | sfp_row_instance/U3296                         | A1 ^ -> ZN v   | NR2XD1                     | 0.034 |   1.602 |    0.390 | 
     | sfp_row_instance/U3300                         | A1 v -> ZN ^   | OAI21D1                    | 0.057 |   1.660 |    0.447 | 
     | sfp_row_instance/FE_RC_5269_0                  | B ^ -> ZN v    | AOI21D2                    | 0.035 |   1.695 |    0.482 | 
     | sfp_row_instance/U1736                         | A1 v -> ZN ^   | OAI21D2                    | 0.044 |   1.739 |    0.526 | 
     | sfp_row_instance/FE_RC_9210_0                  | A1 ^ -> ZN v   | ND2D2                      | 0.030 |   1.768 |    0.556 | 
     | sfp_row_instance/FE_RC_9209_0                  | B v -> Z v     | OA21D4                     | 0.050 |   1.818 |    0.606 | 
     | sfp_row_instance/U2544                         | A1 v -> ZN ^   | OAI21D4                    | 0.043 |   1.861 |    0.649 | 
     | sfp_row_instance                               | sfp_out[142] ^ | sfp_row_col8_bw8_bw_psum20 |       |   1.861 |    0.649 | 
     | U689                                           | A1 ^ -> ZN v   | ND2D4                      | 0.033 |   1.894 |    0.682 | 
     | FE_OCPC5437_n67                                | I v -> Z v     | BUFFD2                     | 0.049 |   1.943 |    0.731 | 
     | FE_RC_3203_0                                   | A1 v -> ZN ^   | ND2D4                      | 0.062 |   2.005 |    0.793 | 
     |                                                | out[142] ^     |                            | 0.007 |   2.012 |    0.800 | 
     +---------------------------------------------------------------------------------------------------------------------------+ 
Path 2: VIOLATED Late External Delay Assertion 
Endpoint:   out[22]                                  (v) checked with  leading 
edge of 'clk'
Beginpoint: sfp_row_instance/sfp_in_temp_reg_1__6_/Q (^) triggered by  leading 
edge of 'clk'
Path Groups: {clk}
Analysis View: WC_VIEW
Other End Arrival Time          0.000
- External Delay                0.200
+ Phase Shift                   1.000
+ CPPR Adjustment               0.000
= Required Time                 0.800
- Arrival Time                  2.010
= Slack Time                   -1.210
     Clock Rise Edge                 0.000
     + Clock Network Latency (Prop)  0.705
     = Beginpoint Arrival Time       0.705
     +------------------------------------------------------------------------------------------------------------------+ 
     |                Instance                |      Arc      |            Cell            | Delay | Arrival | Required | 
     |                                        |               |                            |       |  Time   |   Time   | 
     |----------------------------------------+---------------+----------------------------+-------+---------+----------| 
     | sfp_row_instance/sfp_in_temp_reg_1__6_ | CP ^          |                            |       |   0.705 |   -0.505 | 
     | sfp_row_instance/sfp_in_temp_reg_1__6_ | CP ^ -> Q ^   | SDFQD4                     | 0.135 |   0.841 |   -0.369 | 
     | sfp_row_instance/U470                  | I ^ -> ZN v   | INVD4                      | 0.021 |   0.861 |   -0.349 | 
     | sfp_row_instance/FE_RC_4019_0          | B v -> ZN ^   | AOI21D4                    | 0.055 |   0.917 |   -0.293 | 
     | sfp_row_instance/FE_RC_4288_0          | A1 ^ -> ZN v  | OAI21D4                    | 0.034 |   0.950 |   -0.260 | 
     | sfp_row_instance/U754                  | A1 v -> ZN ^  | ND2D3                      | 0.025 |   0.975 |   -0.235 | 
     | sfp_row_instance/U3146                 | A1 ^ -> ZN v  | AOI21D4                    | 0.031 |   1.006 |   -0.204 | 
     | sfp_row_instance/FE_OCPC4051_n2591     | I v -> ZN ^   | INVD6                      | 0.030 |   1.035 |   -0.175 | 
     | sfp_row_instance/FE_OCPC4052_n2591     | I ^ -> ZN v   | INVD16                     | 0.024 |   1.059 |   -0.151 | 
     | sfp_row_instance/U2067                 | A1 v -> ZN ^  | OAI21D4                    | 0.036 |   1.095 |   -0.115 | 
     | sfp_row_instance/U3150                 | A1 ^ -> ZN v  | CKND2D4                    | 0.027 |   1.122 |   -0.088 | 
     | sfp_row_instance/U3152                 | A1 v -> ZN ^  | ND2D4                      | 0.025 |   1.147 |   -0.063 | 
     | sfp_row_instance/U78                   | A2 ^ -> ZN v  | ND2D8                      | 0.038 |   1.185 |   -0.024 | 
     | sfp_row_instance/FE_RC_183_0           | B2 v -> ZN ^  | OAI22D4                    | 0.063 |   1.248 |    0.039 | 
     | sfp_row_instance/U2906                 | A1 ^ -> ZN ^  | IND2D4                     | 0.060 |   1.308 |    0.099 | 
     | sfp_row_instance/U648                  | A2 ^ -> ZN v  | ND2D8                      | 0.044 |   1.352 |    0.143 | 
     | sfp_row_instance/U2865_dup             | A1 v -> Z v   | AN2D4                      | 0.056 |   1.408 |    0.198 | 
     | sfp_row_instance/U2912                 | A1 v -> ZN ^  | ND2D4                      | 0.018 |   1.426 |    0.217 | 
     | sfp_row_instance/U54                   | A2 ^ -> ZN v  | ND3D2                      | 0.042 |   1.468 |    0.259 | 
     | sfp_row_instance/U2909                 | A1 v -> ZN ^  | ND2D2                      | 0.041 |   1.509 |    0.300 | 
     | sfp_row_instance/U629                  | A1 ^ -> ZN v  | CKND2D8                    | 0.051 |   1.560 |    0.350 | 
     | sfp_row_instance/FE_OCPC5184_n2653     | I v -> ZN ^   | CKND4                      | 0.025 |   1.585 |    0.376 | 
     | sfp_row_instance/U494                  | A1 ^ -> ZN v  | CKND2D4                    | 0.025 |   1.611 |    0.401 | 
     | sfp_row_instance/FE_RC_9039_0          | A2 v -> ZN ^  | OAI211D4                   | 0.045 |   1.655 |    0.446 | 
     | sfp_row_instance/FE_RC_1682_0          | B2 ^ -> ZN v  | IND3D4                     | 0.052 |   1.707 |    0.498 | 
     | sfp_row_instance/FE_RC_9211_0          | A1 v -> ZN v  | IND3D2                     | 0.081 |   1.788 |    0.578 | 
     | sfp_row_instance/U2447                 | A1 v -> ZN ^  | ND2D2                      | 0.028 |   1.816 |    0.607 | 
     | sfp_row_instance/U2439                 | A1 ^ -> ZN v  | NR2XD2                     | 0.026 |   1.842 |    0.633 | 
     | sfp_row_instance                       | sfp_out[22] v | sfp_row_col8_bw8_bw_psum20 |       |   1.842 |    0.633 | 
     | U936                                   | A1 v -> ZN ^  | ND2D4                      | 0.025 |   1.867 |    0.657 | 
     | FE_OCPC4053_n88                        | I ^ -> Z ^    | BUFFD2                     | 0.042 |   1.909 |    0.699 | 
     | U937                                   | A1 ^ -> ZN v  | CKND2D3                    | 0.030 |   1.938 |    0.729 | 
     | FE_OCPC5507_out_22_                    | I v -> Z v    | BUFFD16                    | 0.070 |   2.008 |    0.799 | 
     |                                        | out[22] v     |                            | 0.001 |   2.010 |    0.800 | 
     +------------------------------------------------------------------------------------------------------------------+ 
Path 3: VIOLATED Late External Delay Assertion 
Endpoint:   out[23]                  (^) checked with  leading edge of 'clk'
Beginpoint: sfp_row_instance/R_472/Q (v) triggered by  leading edge of 'clk'
Path Groups: {clk}
Analysis View: WC_VIEW
Other End Arrival Time          0.000
- External Delay                0.200
+ Phase Shift                   1.000
+ CPPR Adjustment               0.000
= Required Time                 0.800
- Arrival Time                  2.006
= Slack Time                   -1.206
     Clock Rise Edge                 0.000
     + Clock Network Latency (Prop)  0.554
     = Beginpoint Arrival Time       0.554
     +--------------------------------------------------------------------------------------------------------------+ 
     |              Instance              |      Arc      |            Cell            | Delay | Arrival | Required | 
     |                                    |               |                            |       |  Time   |   Time   | 
     |------------------------------------+---------------+----------------------------+-------+---------+----------| 
     | sfp_row_instance/R_472             | CP ^          |                            |       |   0.554 |   -0.652 | 
     | sfp_row_instance/R_472             | CP ^ -> Q v   | SDFSNQD4                   | 0.144 |   0.698 |   -0.508 | 
     | sfp_row_instance/FE_OCPC3809_n4146 | I v -> ZN ^   | CKND6                      | 0.023 |   0.721 |   -0.485 | 
     | sfp_row_instance/FE_OCPC3811_n4146 | I ^ -> ZN v   | INVD12                     | 0.023 |   0.744 |   -0.462 | 
     | sfp_row_instance/FE_OCPC3818_n4146 | I v -> ZN ^   | INVD16                     | 0.035 |   0.779 |   -0.427 | 
     | sfp_row_instance/U1967             | A1 ^ -> ZN v  | ND2D8                      | 0.042 |   0.821 |   -0.385 | 
     | sfp_row_instance/U771              | A2 v -> Z v   | OR2D4                      | 0.074 |   0.895 |   -0.311 | 
     | sfp_row_instance/U3678             | A1 v -> ZN ^  | ND2D3                      | 0.026 |   0.921 |   -0.285 | 
     | sfp_row_instance/FE_OCPC6647_n1277 | I ^ -> ZN v   | INVD6                      | 0.023 |   0.944 |   -0.262 | 
     | sfp_row_instance/FE_OCPC6648_n1277 | I v -> ZN ^   | CKND16                     | 0.025 |   0.969 |   -0.237 | 
     | sfp_row_instance/FE_OCPC6649_n1277 | I ^ -> Z ^    | BUFFD12                    | 0.056 |   1.025 |   -0.181 | 
     | sfp_row_instance/U1397             | A1 ^ -> ZN v  | ND2D3                      | 0.036 |   1.062 |   -0.144 | 
     | sfp_row_instance/FE_RC_3201_0      | B v -> ZN ^   | OAI21D4                    | 0.029 |   1.091 |   -0.115 | 
     | sfp_row_instance/FE_RC_3202_0      | I ^ -> ZN v   | CKND4                      | 0.020 |   1.111 |   -0.095 | 
     | sfp_row_instance/FE_RC_4016_0      | A1 v -> ZN ^  | OAI21D2                    | 0.039 |   1.149 |   -0.057 | 
     | sfp_row_instance/FE_RC_187_0       | A1 ^ -> ZN v  | ND2D1                      | 0.037 |   1.187 |   -0.019 | 
     | sfp_row_instance/FE_RC_186_0       | A1 v -> ZN ^  | ND2D2                      | 0.028 |   1.215 |    0.009 | 
     | sfp_row_instance/FE_RC_183_0       | B1 ^ -> ZN v  | OAI22D4                    | 0.039 |   1.255 |    0.049 | 
     | sfp_row_instance/FE_OCPC6492_n971  | I v -> Z v    | CKBD4                      | 0.044 |   1.298 |    0.092 | 
     | sfp_row_instance/U157              | A2 v -> ZN ^  | CKND2D4                    | 0.032 |   1.330 |    0.124 | 
     | sfp_row_instance/FE_RC_9085_0      | A2 ^ -> ZN v  | ND3D8                      | 0.044 |   1.374 |    0.168 | 
     | sfp_row_instance/U218              | I v -> ZN ^   | INVD6                      | 0.034 |   1.408 |    0.202 | 
     | sfp_row_instance/FE_RC_3753_0      | B1 ^ -> ZN v  | AOI22D2                    | 0.038 |   1.446 |    0.240 | 
     | sfp_row_instance/U3591             | A2 v -> ZN ^  | CKND2D2                    | 0.045 |   1.491 |    0.285 | 
     | sfp_row_instance/U675              | A1 ^ -> ZN v  | ND2D4                      | 0.037 |   1.527 |    0.321 | 
     | sfp_row_instance/U2856             | A2 v -> ZN ^  | ND2D8                      | 0.042 |   1.569 |    0.363 | 
     | sfp_row_instance/U48               | I ^ -> ZN v   | CKND6                      | 0.026 |   1.596 |    0.390 | 
     | sfp_row_instance/U2858             | A1 v -> ZN ^  | ND2D3                      | 0.019 |   1.615 |    0.409 | 
     | sfp_row_instance/U2857             | A1 ^ -> ZN v  | CKND2D3                    | 0.024 |   1.639 |    0.433 | 
     | sfp_row_instance/U2053             | A2 v -> ZN ^  | NR3D1                      | 0.061 |   1.701 |    0.495 | 
     | sfp_row_instance/U490              | A2 ^ -> ZN v  | NR2D3                      | 0.035 |   1.736 |    0.530 | 
     | sfp_row_instance/U3633             | I1 v -> ZN ^  | MUX2ND4                    | 0.100 |   1.835 |    0.629 | 
     | sfp_row_instance                   | sfp_out[23] ^ | sfp_row_col8_bw8_bw_psum20 |       |   1.836 |    0.630 | 
     | U639                               | A1 ^ -> ZN v  | CKND2D8                    | 0.029 |   1.865 |    0.659 | 
     | FE_OCPC6258_n69                    | I v -> Z v    | CKBD4                      | 0.041 |   1.905 |    0.699 | 
     | U703                               | A1 v -> ZN ^  | ND2D3                      | 0.023 |   1.928 |    0.722 | 
     | FE_OCPC6495_out_23_                | I ^ -> Z ^    | BUFFD16                    | 0.076 |   2.005 |    0.799 | 
     |                                    | out[23] ^     |                            | 0.001 |   2.006 |    0.800 | 
     +--------------------------------------------------------------------------------------------------------------+ 
Path 4: VIOLATED Late External Delay Assertion 
Endpoint:   out[143]                                 (^) checked with  leading 
edge of 'clk'
Beginpoint: sfp_row_instance/sfp_in_temp_reg_7__4_/Q (^) triggered by  leading 
edge of 'clk'
Path Groups: {clk}
Analysis View: WC_VIEW
Other End Arrival Time          0.000
- External Delay                0.200
+ Phase Shift                   1.000
+ CPPR Adjustment               0.000
= Required Time                 0.800
- Arrival Time                  1.997
= Slack Time                   -1.197
     Clock Rise Edge                 0.000
     + Clock Network Latency (Prop)  0.707
     = Beginpoint Arrival Time       0.707
     +---------------------------------------------------------------------------------------------------------------------------+ 
     |                    Instance                    |      Arc       |            Cell            | Delay | Arrival | Required | 
     |                                                |                |                            |       |  Time   |   Time   | 
     |------------------------------------------------+----------------+----------------------------+-------+---------+----------| 
     | sfp_row_instance/sfp_in_temp_reg_7__4_         | CP ^           |                            |       |   0.707 |   -0.490 | 
     | sfp_row_instance/sfp_in_temp_reg_7__4_         | CP ^ -> Q ^    | SDFQD1                     | 0.133 |   0.840 |   -0.357 | 
     | sfp_row_instance/FE_OCPC4021_sfp_in_temp_7__4_ | I ^ -> Z ^     | BUFFD8                     | 0.055 |   0.895 |   -0.302 | 
     | sfp_row_instance/U2101                         | A2 ^ -> Z ^    | OR2XD1                     | 0.048 |   0.943 |   -0.254 | 
     | sfp_row_instance/FE_RC_9208_0                  | I ^ -> ZN v    | INVD1                      | 0.021 |   0.964 |   -0.233 | 
     | sfp_row_instance/FE_RC_9207_0                  | A1 v -> ZN v   | IAO21D4                    | 0.109 |   1.073 |   -0.124 | 
     | sfp_row_instance/U3225                         | A1 v -> Z v    | OA21D4                     | 0.072 |   1.145 |   -0.052 | 
     | sfp_row_instance/U1382                         | A1 v -> ZN ^   | OAI21D2                    | 0.048 |   1.193 |   -0.004 | 
     | sfp_row_instance/FE_RC_3756_0                  | A1 ^ -> ZN v   | ND2D2                      | 0.032 |   1.225 |    0.027 | 
     | sfp_row_instance/FE_RC_3755_0                  | A1 v -> ZN ^   | ND2D2                      | 0.028 |   1.253 |    0.056 | 
     | sfp_row_instance/U3002                         | A1 ^ -> ZN v   | ND2D3                      | 0.036 |   1.289 |    0.092 | 
     | sfp_row_instance/U3679                         | A1 v -> ZN ^   | ND2D8                      | 0.030 |   1.320 |    0.122 | 
     | sfp_row_instance/FE_RC_4296_0                  | A1 ^ -> ZN v   | NR2XD4                     | 0.023 |   1.342 |    0.145 | 
     | sfp_row_instance/U2750                         | A1 v -> ZN ^   | NR2D8                      | 0.036 |   1.379 |    0.182 | 
     | sfp_row_instance/U2748                         | A1 ^ -> ZN v   | ND2D4                      | 0.035 |   1.413 |    0.216 | 
     | sfp_row_instance/U223                          | I v -> ZN ^    | INVD6                      | 0.028 |   1.441 |    0.244 | 
     | sfp_row_instance/U222                          | A1 ^ -> ZN v   | ND2D3                      | 0.025 |   1.466 |    0.269 | 
     | sfp_row_instance/U2064                         | A1 v -> ZN ^   | ND3D3                      | 0.026 |   1.492 |    0.295 | 
     | sfp_row_instance/U792                          | A1 ^ -> ZN v   | ND2D4                      | 0.036 |   1.528 |    0.330 | 
     | sfp_row_instance/U49                           | A2 v -> ZN ^   | CKND2D4                    | 0.040 |   1.567 |    0.370 | 
     | sfp_row_instance/U46                           | A1 ^ -> ZN v   | NR2D3                      | 0.025 |   1.593 |    0.396 | 
     | sfp_row_instance/U1601                         | A1 v -> ZN ^   | NR2XD1                     | 0.040 |   1.633 |    0.435 | 
     | sfp_row_instance/FE_RC_4289_0                  | A2 ^ -> ZN v   | AOI21D4                    | 0.034 |   1.667 |    0.469 | 
     | sfp_row_instance/FE_RC_5266_0                  | A1 v -> ZN ^   | OAI21D2                    | 0.038 |   1.704 |    0.507 | 
     | sfp_row_instance/U2580                         | A1 ^ -> ZN v   | ND2D2                      | 0.035 |   1.740 |    0.542 | 
     | sfp_row_instance/FE_RC_1494_0                  | A1 v -> ZN ^   | ND2D4                      | 0.031 |   1.771 |    0.574 | 
     | sfp_row_instance                               | sfp_out[143] ^ | sfp_row_col8_bw8_bw_psum20 |       |   1.771 |    0.574 | 
     | U943                                           | A1 ^ -> ZN v   | ND2D1                      | 0.049 |   1.820 |    0.622 | 
     | U905                                           | A1 v -> ZN ^   | ND2D4                      | 0.046 |   1.865 |    0.668 | 
     | FE_OFC3647_out_143_                            | I ^ -> ZN v    | INVD8                      | 0.029 |   1.895 |    0.697 | 
     | FE_OFC3648_out_143_                            | I v -> ZN ^    | CKND4                      | 0.035 |   1.930 |    0.732 | 
     | FE_OCPC6774_out_143_                           | I ^ -> Z ^     | BUFFD3                     | 0.067 |   1.996 |    0.799 | 
     |                                                | out[143] ^     |                            | 0.001 |   1.997 |    0.800 | 
     +---------------------------------------------------------------------------------------------------------------------------+ 
Path 5: VIOLATED Late External Delay Assertion 
Endpoint:   out[24]                                  (^) checked with  leading 
edge of 'clk'
Beginpoint: sfp_row_instance/sfp_in_temp_reg_1__6_/Q (^) triggered by  leading 
edge of 'clk'
Path Groups: {clk}
Analysis View: WC_VIEW
Other End Arrival Time          0.000
- External Delay                0.200
+ Phase Shift                   1.000
+ CPPR Adjustment               0.000
= Required Time                 0.800
- Arrival Time                  1.973
= Slack Time                   -1.173
     Clock Rise Edge                 0.000
     + Clock Network Latency (Prop)  0.705
     = Beginpoint Arrival Time       0.705
     +------------------------------------------------------------------------------------------------------------------+ 
     |                Instance                |      Arc      |            Cell            | Delay | Arrival | Required | 
     |                                        |               |                            |       |  Time   |   Time   | 
     |----------------------------------------+---------------+----------------------------+-------+---------+----------| 
     | sfp_row_instance/sfp_in_temp_reg_1__6_ | CP ^          |                            |       |   0.705 |   -0.468 | 
     | sfp_row_instance/sfp_in_temp_reg_1__6_ | CP ^ -> Q ^   | SDFQD4                     | 0.135 |   0.841 |   -0.333 | 
     | sfp_row_instance/U470                  | I ^ -> ZN v   | INVD4                      | 0.021 |   0.861 |   -0.312 | 
     | sfp_row_instance/FE_RC_4019_0          | B v -> ZN ^   | AOI21D4                    | 0.055 |   0.917 |   -0.257 | 
     | sfp_row_instance/FE_RC_4288_0          | A1 ^ -> ZN v  | OAI21D4                    | 0.034 |   0.950 |   -0.223 | 
     | sfp_row_instance/U754                  | A1 v -> ZN ^  | ND2D3                      | 0.025 |   0.975 |   -0.198 | 
     | sfp_row_instance/U3146                 | A1 ^ -> ZN v  | AOI21D4                    | 0.031 |   1.006 |   -0.168 | 
     | sfp_row_instance/FE_OCPC4051_n2591     | I v -> ZN ^   | INVD6                      | 0.030 |   1.035 |   -0.138 | 
     | sfp_row_instance/FE_OCPC4052_n2591     | I ^ -> ZN v   | INVD16                     | 0.024 |   1.059 |   -0.114 | 
     | sfp_row_instance/U2067                 | A1 v -> ZN ^  | OAI21D4                    | 0.036 |   1.095 |   -0.079 | 
     | sfp_row_instance/U3150                 | A1 ^ -> ZN v  | CKND2D4                    | 0.027 |   1.122 |   -0.051 | 
     | sfp_row_instance/U3152                 | A1 v -> ZN ^  | ND2D4                      | 0.025 |   1.147 |   -0.026 | 
     | sfp_row_instance/U78                   | A2 ^ -> ZN v  | ND2D8                      | 0.038 |   1.185 |    0.012 | 
     | sfp_row_instance/U149_dup              | A1 v -> Z v   | AN2D4                      | 0.043 |   1.229 |    0.056 | 
     | sfp_row_instance/FE_RC_153_0           | A1 v -> ZN ^  | NR2XD2                     | 0.024 |   1.253 |    0.080 | 
     | sfp_row_instance/U2907                 | C ^ -> ZN v   | OAI211D4                   | 0.064 |   1.317 |    0.144 | 
     | sfp_row_instance/U648                  | A1 v -> ZN ^  | ND2D8                      | 0.044 |   1.361 |    0.188 | 
     | sfp_row_instance/U2865_dup             | A1 ^ -> Z ^   | AN2D4                      | 0.065 |   1.426 |    0.253 | 
     | sfp_row_instance/U2912                 | A1 ^ -> ZN v  | ND2D4                      | 0.023 |   1.450 |    0.276 | 
     | sfp_row_instance/U54                   | A2 v -> ZN ^  | ND3D2                      | 0.026 |   1.476 |    0.302 | 
     | sfp_row_instance/U2909                 | A1 ^ -> ZN v  | ND2D2                      | 0.043 |   1.519 |    0.345 | 
     | sfp_row_instance/U629                  | A1 v -> ZN ^  | CKND2D8                    | 0.053 |   1.572 |    0.399 | 
     | sfp_row_instance/FE_OCPC5184_n2653     | I ^ -> ZN v   | CKND4                      | 0.024 |   1.596 |    0.423 | 
     | sfp_row_instance/U494                  | A1 v -> ZN ^  | CKND2D4                    | 0.026 |   1.622 |    0.449 | 
     | sfp_row_instance/U950                  | A2 ^ -> ZN v  | ND3D2                      | 0.057 |   1.679 |    0.506 | 
     | sfp_row_instance/FE_RC_1682_0          | B1 v -> ZN ^  | IND3D4                     | 0.042 |   1.721 |    0.548 | 
     | sfp_row_instance                       | sfp_out[24] ^ | sfp_row_col8_bw8_bw_psum20 |       |   1.721 |    0.548 | 
     | FE_OFC1405_sfp_out_24_                 | I ^ -> Z ^    | BUFFD2                     | 0.062 |   1.783 |    0.610 | 
     | FE_RC_3759_0                           | A1 ^ -> ZN v  | AOI21D4                    | 0.049 |   1.832 |    0.659 | 
     | U640                                   | I v -> ZN ^   | INVD2                      | 0.041 |   1.874 |    0.700 | 
     | FE_OCPC6170_out_24_                    | I ^ -> Z ^    | BUFFD6                     | 0.098 |   1.971 |    0.798 | 
     |                                        | out[24] ^     |                            | 0.002 |   1.973 |    0.800 | 
     +------------------------------------------------------------------------------------------------------------------+ 

