###############################################################
#  Generated by:      Cadence Innovus 15.23-s045_1
#  OS:                Linux x86_64(Host ID ieng6-ece-08.ucsd.edu)
#  Generated on:      Sun Mar 23 11:46:33 2025
#  Design:            core
#  Command:           report_timing -max_paths 5 > ${design}.post_route.timing.rpt
###############################################################
Path 1: VIOLATED Late External Delay Assertion 
Endpoint:   out[123]                                 (^) checked with  leading 
edge of 'clk'
Beginpoint: sfp_row_instance/sfp_in_temp_reg_6__7_/Q (v) triggered by  leading 
edge of 'clk'
Path Groups: {clk}
Analysis View: WC_VIEW
Other End Arrival Time          0.000
- External Delay                0.200
+ Phase Shift                   1.000
+ CPPR Adjustment               0.000
= Required Time                 0.800
- Arrival Time                  2.293
= Slack Time                   -1.493
     Clock Rise Edge                 0.000
     + Clock Network Latency (Prop)  0.779
     = Beginpoint Arrival Time       0.779
     +---------------------------------------------------------------------------------------------------------------------------+ 
     |                    Instance                    |      Arc       |            Cell            | Delay | Arrival | Required | 
     |                                                |                |                            |       |  Time   |   Time   | 
     |------------------------------------------------+----------------+----------------------------+-------+---------+----------| 
     | sfp_row_instance/sfp_in_temp_reg_6__7_         | CP ^           |                            |       |   0.779 |   -0.715 | 
     | sfp_row_instance/sfp_in_temp_reg_6__7_         | CP ^ -> Q v    | SDFQD4                     | 0.128 |   0.907 |   -0.587 | 
     | sfp_row_instance/FE_OCPC5188_sfp_in_temp_6__7_ | I v -> Z v     | BUFFD3                     | 0.064 |   0.971 |   -0.523 | 
     | sfp_row_instance/FE_RC_4808_0                  | A1 v -> ZN ^   | ND2D4                      | 0.028 |   0.999 |   -0.494 | 
     | sfp_row_instance/FE_RC_4807_0                  | A2 ^ -> ZN v   | CKND2D8                    | 0.030 |   1.030 |   -0.464 | 
     | sfp_row_instance/FE_RC_9546_0                  | B1 v -> ZN ^   | INR2D2                     | 0.045 |   1.074 |   -0.419 | 
     | sfp_row_instance/U2289                         | A2 ^ -> ZN v   | NR2XD1                     | 0.037 |   1.111 |   -0.383 | 
     | sfp_row_instance/U2299                         | A2 v -> ZN ^   | NR2XD1                     | 0.048 |   1.159 |   -0.335 | 
     | sfp_row_instance/FE_RC_3712_0                  | A2 ^ -> ZN v   | OAI21D4                    | 0.060 |   1.219 |   -0.275 | 
     | sfp_row_instance/U829                          | A1 v -> ZN ^   | ND2D2                      | 0.031 |   1.250 |   -0.244 | 
     | sfp_row_instance/U2233                         | A1 ^ -> ZN v   | ND2D2                      | 0.028 |   1.278 |   -0.216 | 
     | sfp_row_instance/U2607                         | I v -> ZN ^    | CKND3                      | 0.024 |   1.302 |   -0.191 | 
     | sfp_row_instance/U2332                         | A2 ^ -> ZN v   | ND2D4                      | 0.040 |   1.342 |   -0.152 | 
     | sfp_row_instance/U2328                         | A1 v -> ZN ^   | NR2D1                      | 0.101 |   1.443 |   -0.051 | 
     | sfp_row_instance/U3123                         | A1 ^ -> ZN v   | NR2D2                      | 0.062 |   1.505 |    0.012 | 
     | sfp_row_instance/FE_RC_9627_0                  | I v -> ZN ^    | INVD2                      | 0.049 |   1.554 |    0.060 | 
     | sfp_row_instance/FE_RC_9626_0                  | B ^ -> ZN v    | AOI21D2                    | 0.037 |   1.591 |    0.098 | 
     | sfp_row_instance/U1202                         | I v -> ZN ^    | INVD4                      | 0.037 |   1.628 |    0.134 | 
     | sfp_row_instance/U2176                         | A2 ^ -> ZN v   | ND2D3                      | 0.039 |   1.667 |    0.173 | 
     | sfp_row_instance/U2276                         | I v -> ZN ^    | INVD3                      | 0.030 |   1.697 |    0.203 | 
     | sfp_row_instance/U215                          | A1 ^ -> ZN v   | ND2D4                      | 0.024 |   1.721 |    0.227 | 
     | sfp_row_instance/U2587_dup                     | A2 v -> ZN ^   | CKND2D4                    | 0.049 |   1.770 |    0.276 | 
     | sfp_row_instance/U2267                         | I ^ -> ZN v    | INVD2                      | 0.039 |   1.808 |    0.315 | 
     | sfp_row_instance/U2834                         | B1 v -> ZN ^   | OAI22D4                    | 0.061 |   1.869 |    0.376 | 
     | sfp_row_instance/U780                          | A1 ^ -> ZN v   | CKND2D2                    | 0.043 |   1.912 |    0.419 | 
     | sfp_row_instance/U957                          | A2 v -> ZN ^   | CKND2D4                    | 0.034 |   1.946 |    0.453 | 
     | sfp_row_instance                               | sfp_out[123] ^ | sfp_row_col8_bw8_bw_psum20 |       |   1.946 |    0.453 | 
     | U896                                           | A1 ^ -> ZN v   | ND2D4                      | 0.029 |   1.975 |    0.482 | 
     | U934                                           | A1 v -> ZN ^   | CKND2D8                    | 0.042 |   2.018 |    0.524 | 
     | FE_PSC6611_FE_OFN1961_out_123_                 | I ^ -> Z ^     | BUFFD3                     | 0.095 |   2.113 |    0.620 | 
     | FE_OCPC6089_FE_OFN1961_out_123_                | I ^ -> Z ^     | BUFFD8                     | 0.069 |   2.182 |    0.688 | 
     | FE_OCPC6092_FE_OFN1961_out_123_                | I ^ -> Z ^     | BUFFD2                     | 0.049 |   2.231 |    0.738 | 
     | FE_OFC1966_out_123_                            | I ^ -> Z ^     | BUFFD3                     | 0.062 |   2.293 |    0.800 | 
     |                                                | out[123] ^     |                            | 0.000 |   2.293 |    0.800 | 
     +---------------------------------------------------------------------------------------------------------------------------+ 
Path 2: VIOLATED Late External Delay Assertion 
Endpoint:   out[122]                                 (^) checked with  leading 
edge of 'clk'
Beginpoint: sfp_row_instance/sfp_in_temp_reg_6__7_/Q (v) triggered by  leading 
edge of 'clk'
Path Groups: {clk}
Analysis View: WC_VIEW
Other End Arrival Time          0.000
- External Delay                0.200
+ Phase Shift                   1.000
+ CPPR Adjustment               0.000
= Required Time                 0.800
- Arrival Time                  2.288
= Slack Time                   -1.488
     Clock Rise Edge                 0.000
     + Clock Network Latency (Prop)  0.779
     = Beginpoint Arrival Time       0.779
     +---------------------------------------------------------------------------------------------------------------------------+ 
     |                    Instance                    |      Arc       |            Cell            | Delay | Arrival | Required | 
     |                                                |                |                            |       |  Time   |   Time   | 
     |------------------------------------------------+----------------+----------------------------+-------+---------+----------| 
     | sfp_row_instance/sfp_in_temp_reg_6__7_         | CP ^           |                            |       |   0.779 |   -0.709 | 
     | sfp_row_instance/sfp_in_temp_reg_6__7_         | CP ^ -> Q v    | SDFQD4                     | 0.128 |   0.907 |   -0.581 | 
     | sfp_row_instance/FE_OCPC5188_sfp_in_temp_6__7_ | I v -> Z v     | BUFFD3                     | 0.064 |   0.971 |   -0.517 | 
     | sfp_row_instance/FE_RC_4808_0                  | A1 v -> ZN ^   | ND2D4                      | 0.028 |   0.999 |   -0.489 | 
     | sfp_row_instance/FE_RC_4807_0                  | A2 ^ -> ZN v   | CKND2D8                    | 0.030 |   1.030 |   -0.458 | 
     | sfp_row_instance/U1915                         | A1 v -> ZN ^   | ND2D3                      | 0.027 |   1.056 |   -0.432 | 
     | sfp_row_instance/U2695                         | I ^ -> ZN v    | CKND4                      | 0.019 |   1.075 |   -0.413 | 
     | sfp_row_instance/U2264                         | A2 v -> ZN ^   | ND2D4                      | 0.024 |   1.099 |   -0.389 | 
     | sfp_row_instance/U2281                         | A2 ^ -> ZN v   | ND2D8                      | 0.043 |   1.143 |   -0.345 | 
     | sfp_row_instance/FE_RC_3712_0                  | A1 v -> ZN ^   | OAI21D4                    | 0.077 |   1.220 |   -0.268 | 
     | sfp_row_instance/U800                          | A1 ^ -> ZN v   | CKND2D1                    | 0.054 |   1.274 |   -0.214 | 
     | sfp_row_instance/U2356                         | A1 v -> ZN ^   | ND2D2                      | 0.034 |   1.307 |   -0.181 | 
     | sfp_row_instance/U1628                         | A2 ^ -> ZN v   | ND2D3                      | 0.062 |   1.369 |   -0.119 | 
     | sfp_row_instance/FE_RC_3313_0                  | B1 v -> ZN ^   | INR2XD2                    | 0.052 |   1.421 |   -0.067 | 
     | sfp_row_instance/FE_RC_3044_0                  | A1 ^ -> Z ^    | OA21D4                     | 0.067 |   1.488 |    0.000 | 
     | sfp_row_instance/FE_RC_3036_0                  | A1 ^ -> ZN v   | ND2D8                      | 0.046 |   1.534 |    0.046 | 
     | sfp_row_instance/U2198                         | S v -> Z ^     | MUX2D2                     | 0.117 |   1.651 |    0.163 | 
     | sfp_row_instance/U2195                         | I ^ -> ZN v    | CKND2                      | 0.037 |   1.688 |    0.200 | 
     | sfp_row_instance/U2193                         | A1 v -> ZN ^   | CKND2D2                    | 0.030 |   1.718 |    0.230 | 
     | sfp_row_instance/U2194                         | A1 ^ -> ZN v   | ND2D2                      | 0.035 |   1.753 |    0.265 | 
     | sfp_row_instance/U2292                         | A1 v -> ZN ^   | CKND2D3                    | 0.030 |   1.783 |    0.295 | 
     | sfp_row_instance/U207                          | A1 ^ -> ZN v   | ND2D4                      | 0.041 |   1.824 |    0.336 | 
     | sfp_row_instance/U45                           | I v -> ZN ^    | INVD6                      | 0.026 |   1.850 |    0.362 | 
     | sfp_row_instance/U2296                         | A2 ^ -> ZN v   | NR2XD1                     | 0.040 |   1.890 |    0.402 | 
     | sfp_row_instance/U2606                         | A1 v -> ZN ^   | CKND2D1                    | 0.077 |   1.967 |    0.479 | 
     | sfp_row_instance/U2517                         | A1 ^ -> ZN v   | ND2D2                      | 0.049 |   2.016 |    0.528 | 
     | sfp_row_instance/FE_RC_3300_0                  | A1 v -> ZN ^   | ND3D4                      | 0.030 |   2.046 |    0.558 | 
     | sfp_row_instance                               | sfp_out[122] ^ | sfp_row_col8_bw8_bw_psum20 |       |   2.046 |    0.558 | 
     | FE_RC_2887_0                                   | A1 ^ -> ZN v   | AOI21D4                    | 0.034 |   2.080 |    0.592 | 
     | FE_RC_2888_0                                   | I v -> ZN ^    | INVD8                      | 0.052 |   2.132 |    0.644 | 
     | FE_OCPC6464_FE_OFN2582_out_122_                | I ^ -> Z ^     | CKBD4                      | 0.064 |   2.195 |    0.707 | 
     | FE_OFC2584_out_122_                            | I ^ -> Z ^     | BUFFD4                     | 0.042 |   2.237 |    0.749 | 
     | FE_OFC2585_out_122_                            | I ^ -> Z ^     | CKBD4                      | 0.050 |   2.287 |    0.799 | 
     |                                                | out[122] ^     |                            | 0.001 |   2.288 |    0.800 | 
     +---------------------------------------------------------------------------------------------------------------------------+ 
Path 3: VIOLATED Late External Delay Assertion 
Endpoint:   out[142]                                 (v) checked with  leading 
edge of 'clk'
Beginpoint: sfp_row_instance/sfp_in_temp_reg_7__6_/Q (v) triggered by  leading 
edge of 'clk'
Path Groups: {clk}
Analysis View: WC_VIEW
Other End Arrival Time          0.000
- External Delay                0.200
+ Phase Shift                   1.000
+ CPPR Adjustment               0.000
= Required Time                 0.800
- Arrival Time                  2.263
= Slack Time                   -1.463
     Clock Rise Edge                 0.000
     + Clock Network Latency (Prop)  0.824
     = Beginpoint Arrival Time       0.824
     +-------------------------------------------------------------------------------------------------------------------+ 
     |                Instance                |      Arc       |            Cell            | Delay | Arrival | Required | 
     |                                        |                |                            |       |  Time   |   Time   | 
     |----------------------------------------+----------------+----------------------------+-------+---------+----------| 
     | sfp_row_instance/sfp_in_temp_reg_7__6_ | CP ^           |                            |       |   0.824 |   -0.640 | 
     | sfp_row_instance/sfp_in_temp_reg_7__6_ | CP ^ -> Q v    | SDFQD4                     | 0.139 |   0.963 |   -0.501 | 
     | sfp_row_instance/U159                  | A1 v -> Z v    | OR2D4                      | 0.061 |   1.024 |   -0.439 | 
     | sfp_row_instance/FE_RC_9392_0          | A1 v -> ZN ^   | AOI22D4                    | 0.054 |   1.078 |   -0.385 | 
     | sfp_row_instance/U756                  | A1 ^ -> ZN v   | CKND2D4                    | 0.038 |   1.117 |   -0.347 | 
     | sfp_row_instance/U2959                 | A1 v -> ZN ^   | ND2D4                      | 0.033 |   1.149 |   -0.314 | 
     | sfp_row_instance/U2958                 | A1 ^ -> ZN v   | CKND2D4                    | 0.030 |   1.179 |   -0.284 | 
     | sfp_row_instance/U81                   | A1 v -> ZN ^   | NR2XD4                     | 0.041 |   1.220 |   -0.243 | 
     | sfp_row_instance/U3217                 | A1 ^ -> ZN v   | CKND2D1                    | 0.038 |   1.258 |   -0.205 | 
     | sfp_row_instance/U3218                 | A1 v -> ZN ^   | NR2D1                      | 0.080 |   1.338 |   -0.125 | 
     | sfp_row_instance/FE_RC_9613_0          | B ^ -> ZN v    | AOI21D1                    | 0.040 |   1.378 |   -0.085 | 
     | sfp_row_instance/FE_RC_9612_0          | A1 v -> Z v    | OR2D1                      | 0.071 |   1.449 |   -0.015 | 
     | sfp_row_instance/U3679                 | A1 v -> ZN ^   | ND2D4                      | 0.033 |   1.482 |    0.019 | 
     | sfp_row_instance/U111                  | A1 ^ -> ZN v   | NR2D8                      | 0.026 |   1.508 |    0.044 | 
     | sfp_row_instance/U2750                 | A1 v -> ZN ^   | NR2XD4                     | 0.043 |   1.551 |    0.088 | 
     | sfp_row_instance/U2747                 | A2 ^ -> ZN v   | ND2D1                      | 0.079 |   1.630 |    0.167 | 
     | sfp_row_instance/U3232                 | A1 v -> ZN ^   | ND2D2                      | 0.039 |   1.669 |    0.206 | 
     | sfp_row_instance/FE_RC_4341_0          | A1 ^ -> ZN v   | ND3D3                      | 0.044 |   1.713 |    0.250 | 
     | sfp_row_instance/U497                  | A1 v -> ZN ^   | ND2D4                      | 0.036 |   1.750 |    0.286 | 
     | sfp_row_instance/U2214_dup             | A1 ^ -> ZN v   | CKND2D8                    | 0.054 |   1.804 |    0.340 | 
     | sfp_row_instance/U3091                 | A2 v -> ZN ^   | OAI211D1                   | 0.066 |   1.870 |    0.407 | 
     | sfp_row_instance/U3289                 | A1 ^ -> ZN v   | CKND2D1                    | 0.068 |   1.938 |    0.474 | 
     | sfp_row_instance/FE_RC_127_0           | I v -> ZN ^    | INVD1                      | 0.048 |   1.985 |    0.522 | 
     | sfp_row_instance/FE_RC_126_0           | A2 ^ -> ZN v   | NR2D1                      | 0.034 |   2.019 |    0.556 | 
     | sfp_row_instance/FE_RC_125_0           | B v -> ZN ^    | AOI21D2                    | 0.064 |   2.083 |    0.620 | 
     | sfp_row_instance/FE_RC_3061_0          | A1 ^ -> ZN v   | OAI21D4                    | 0.039 |   2.122 |    0.659 | 
     | sfp_row_instance                       | sfp_out[142] v | sfp_row_col8_bw8_bw_psum20 |       |   2.122 |    0.659 | 
     | U689                                   | A1 v -> ZN ^   | ND2D4                      | 0.032 |   2.154 |    0.691 | 
     | FE_OCPC3398_n67                        | I ^ -> Z ^     | BUFFD2                     | 0.057 |   2.211 |    0.748 | 
     | U688                                   | A1 ^ -> ZN v   | CKND2D8                    | 0.051 |   2.262 |    0.799 | 
     |                                        | out[142] v     |                            | 0.001 |   2.263 |    0.800 | 
     +-------------------------------------------------------------------------------------------------------------------+ 
Path 4: VIOLATED Late External Delay Assertion 
Endpoint:   out[43]                                  (v) checked with  leading 
edge of 'clk'
Beginpoint: sfp_row_instance/sfp_in_temp_reg_2__7_/Q (v) triggered by  leading 
edge of 'clk'
Path Groups: {clk}
Analysis View: WC_VIEW
Other End Arrival Time          0.000
- External Delay                0.200
+ Phase Shift                   1.000
+ CPPR Adjustment               0.000
= Required Time                 0.800
- Arrival Time                  2.253
= Slack Time                   -1.453
     Clock Rise Edge                 0.000
     + Clock Network Latency (Prop)  0.795
     = Beginpoint Arrival Time       0.795
     +---------------------------------------------------------------------------------------------------------------------+ 
     |                 Instance                  |      Arc      |            Cell            | Delay | Arrival | Required | 
     |                                           |               |                            |       |  Time   |   Time   | 
     |-------------------------------------------+---------------+----------------------------+-------+---------+----------| 
     | sfp_row_instance/sfp_in_temp_reg_2__7_    | CP ^          |                            |       |   0.795 |   -0.658 | 
     | sfp_row_instance/sfp_in_temp_reg_2__7_    | CP ^ -> Q v   | SDFQD4                     | 0.139 |   0.933 |   -0.520 | 
     | sfp_row_instance/FE_RC_4320_0             | A2 v -> ZN ^  | ND2D4                      | 0.029 |   0.962 |   -0.491 | 
     | sfp_row_instance/FE_RC_4321_0             | I ^ -> ZN v   | INVD4                      | 0.020 |   0.982 |   -0.472 | 
     | sfp_row_instance/U1550                    | I v -> ZN ^   | INVD1                      | 0.067 |   1.048 |   -0.405 | 
     | sfp_row_instance/FE_RC_9247_0             | B1 ^ -> ZN v  | IND3D4                     | 0.089 |   1.137 |   -0.316 | 
     | sfp_row_instance/U2001                    | A1 v -> ZN ^  | ND2D2                      | 0.046 |   1.183 |   -0.270 | 
     | sfp_row_instance/FE_RC_4864_0             | B2 ^ -> ZN v  | IND3D4                     | 0.048 |   1.231 |   -0.222 | 
     | sfp_row_instance/U2360                    | A2 v -> ZN ^  | ND2D8                      | 0.043 |   1.274 |   -0.179 | 
     | sfp_row_instance/U2359                    | A2 ^ -> ZN v  | ND2D3                      | 0.049 |   1.323 |   -0.130 | 
     | sfp_row_instance/U1898                    | A2 v -> ZN ^  | CKND2D4                    | 0.036 |   1.359 |   -0.094 | 
     | sfp_row_instance/U2375                    | I ^ -> ZN v   | CKND2                      | 0.021 |   1.380 |   -0.073 | 
     | sfp_row_instance/U2374                    | A1 v -> ZN ^  | CKND2D2                    | 0.033 |   1.414 |   -0.040 | 
     | sfp_row_instance/U2363                    | A2 ^ -> ZN v  | CKND2D1                    | 0.048 |   1.462 |    0.009 | 
     | sfp_row_instance/U2362                    | A2 v -> ZN ^  | CKND2D2                    | 0.043 |   1.505 |    0.052 | 
     | sfp_row_instance/U2008                    | A1 ^ -> ZN v  | ND2D2                      | 0.033 |   1.539 |    0.086 | 
     | sfp_row_instance/U1931                    | I v -> ZN ^   | CKND2                      | 0.027 |   1.565 |    0.112 | 
     | sfp_row_instance/U818                     | A1 ^ -> ZN v  | NR2XD1                     | 0.040 |   1.605 |    0.152 | 
     | sfp_row_instance/U2777                    | B1 v -> ZN ^  | AOI22D4                    | 0.064 |   1.669 |    0.216 | 
     | sfp_row_instance/U954                     | A2 ^ -> ZN v  | CKND2D4                    | 0.048 |   1.717 |    0.264 | 
     | sfp_row_instance/U2590                    | A1 v -> ZN ^  | OAI22D2                    | 0.050 |   1.767 |    0.314 | 
     | sfp_row_instance/U2398                    | A1 ^ -> ZN v  | ND2D2                      | 0.044 |   1.811 |    0.358 | 
     | sfp_row_instance/U2397                    | A1 v -> ZN ^  | ND2D4                      | 0.032 |   1.843 |    0.390 | 
     | sfp_row_instance/U2361                    | A1 ^ -> ZN v  | CKND2D4                    | 0.040 |   1.883 |    0.430 | 
     | sfp_row_instance                          | sfp_out[43] v | sfp_row_col8_bw8_bw_psum20 |       |   1.883 |    0.430 | 
     | FE_RC_9277_0                              | B1 v -> ZN ^  | IND2D4                     | 0.030 |   1.913 |    0.460 | 
     | FE_RC_9276_0                              | A1 ^ -> ZN v  | CKND2D8                    | 0.038 |   1.951 |    0.498 | 
     | FE_PSC6624_FE_OCPN6157_FE_OFN2943_out_43_ | I v -> Z v    | BUFFD3                     | 0.098 |   2.050 |    0.596 | 
     | FE_OFC2948_out_43_                        | I v -> Z v    | BUFFD12                    | 0.065 |   2.115 |    0.662 | 
     | FE_OCPC5341_FE_OFN2948_out_43_            | I v -> Z v    | BUFFD2                     | 0.048 |   2.162 |    0.709 | 
     | FE_OFC2949_out_43_                        | I v -> Z v    | BUFFD3                     | 0.086 |   2.248 |    0.795 | 
     |                                           | out[43] v     |                            | 0.005 |   2.253 |    0.800 | 
     +---------------------------------------------------------------------------------------------------------------------+ 
Path 5: VIOLATED Late External Delay Assertion 
Endpoint:   out[22]                  (^) checked with  leading edge of 'clk'
Beginpoint: sfp_row_instance/R_479/Q (^) triggered by  leading edge of 'clk'
Path Groups: {clk}
Analysis View: WC_VIEW
Other End Arrival Time          0.000
- External Delay                0.200
+ Phase Shift                   1.000
+ CPPR Adjustment               0.000
= Required Time                 0.800
- Arrival Time                  2.253
= Slack Time                   -1.453
     Clock Rise Edge                 0.000
     + Clock Network Latency (Prop)  0.672
     = Beginpoint Arrival Time       0.672
     +--------------------------------------------------------------------------------------------------------------+ 
     |              Instance              |      Arc      |            Cell            | Delay | Arrival | Required | 
     |                                    |               |                            |       |  Time   |   Time   | 
     |------------------------------------+---------------+----------------------------+-------+---------+----------| 
     | sfp_row_instance/R_479             | CP ^          |                            |       |   0.672 |   -0.781 | 
     | sfp_row_instance/R_479             | CP ^ -> Q ^   | SDFCNQD4                   | 0.176 |   0.848 |   -0.605 | 
     | sfp_row_instance/FE_OFC3028_n4157  | I ^ -> Z ^    | BUFFD16                    | 0.053 |   0.901 |   -0.551 | 
     | sfp_row_instance/U1155             | A1 ^ -> ZN ^  | INR2XD0                    | 0.098 |   1.000 |   -0.453 | 
     | sfp_row_instance/U201              | I ^ -> ZN v   | INVD1                      | 0.051 |   1.051 |   -0.402 | 
     | sfp_row_instance/U753              | A2 v -> Z v   | AN2XD1                     | 0.059 |   1.110 |   -0.343 | 
     | sfp_row_instance/U398              | A1 v -> ZN ^  | NR2XD2                     | 0.037 |   1.147 |   -0.306 | 
     | sfp_row_instance/U1501             | I ^ -> ZN v   | INVD2                      | 0.025 |   1.172 |   -0.280 | 
     | sfp_row_instance/U904              | A1 v -> ZN ^  | ND2D2                      | 0.024 |   1.196 |   -0.256 | 
     | sfp_row_instance/U905              | A2 ^ -> ZN v  | CKND2D4                    | 0.039 |   1.235 |   -0.218 | 
     | sfp_row_instance/U1402             | A2 v -> ZN ^  | NR2XD0                     | 0.058 |   1.294 |   -0.159 | 
     | sfp_row_instance/U1538             | A1 ^ -> ZN v  | NR2D1                      | 0.029 |   1.323 |   -0.130 | 
     | sfp_row_instance/FE_RC_9603_0      | A2 v -> ZN v  | IOA22D2                    | 0.094 |   1.417 |   -0.036 | 
     | sfp_row_instance/FE_RC_3350_0      | A2 v -> ZN ^  | OAI211D4                   | 0.052 |   1.469 |    0.016 | 
     | sfp_row_instance/U648              | A2 ^ -> ZN v  | CKND2D8                    | 0.051 |   1.520 |    0.067 | 
     | sfp_row_instance/U2865             | A1 v -> Z v   | AN2D8                      | 0.061 |   1.580 |    0.127 | 
     | sfp_row_instance/U3583             | A1 v -> ZN ^  | ND2D3                      | 0.027 |   1.607 |    0.154 | 
     | sfp_row_instance/U216              | A1 ^ -> ZN v  | ND4D4                      | 0.051 |   1.659 |    0.206 | 
     | sfp_row_instance/U666              | A1 v -> ZN ^  | ND2D4                      | 0.036 |   1.695 |    0.242 | 
     | sfp_row_instance/U2856             | A2 ^ -> ZN v  | CKND2D8                    | 0.049 |   1.744 |    0.291 | 
     | sfp_row_instance/FE_OCPC4791_n2682 | I v -> ZN ^   | INVD6                      | 0.030 |   1.774 |    0.321 | 
     | sfp_row_instance/U2858             | A1 ^ -> ZN v  | ND2D4                      | 0.023 |   1.797 |    0.344 | 
     | sfp_row_instance/U2857             | A1 v -> ZN ^  | ND2D4                      | 0.025 |   1.822 |    0.370 | 
     | sfp_row_instance/U2027             | I ^ -> ZN v   | CKND2                      | 0.021 |   1.844 |    0.391 | 
     | sfp_row_instance/FE_RC_9394_0      | B2 v -> ZN ^  | IND3D2                     | 0.021 |   1.864 |    0.412 | 
     | sfp_row_instance/U2437             | A1 ^ -> ZN v  | ND2D2                      | 0.035 |   1.900 |    0.447 | 
     | sfp_row_instance/U490              | A1 v -> ZN ^  | NR2D4                      | 0.039 |   1.939 |    0.486 | 
     | sfp_row_instance/U2855             | A1 ^ -> ZN ^  | IND2D2                     | 0.048 |   1.987 |    0.534 | 
     | sfp_row_instance/FE_RC_12_0        | A1 ^ -> ZN ^  | INR2D4                     | 0.059 |   2.046 |    0.594 | 
     | sfp_row_instance                   | sfp_out[22] ^ | sfp_row_col8_bw8_bw_psum20 |       |   2.047 |    0.594 | 
     | U936                               | A1 ^ -> ZN v  | CKND2D4                    | 0.039 |   2.085 |    0.632 | 
     | FE_OCPC3445_n88                    | I v -> Z v    | BUFFD3                     | 0.063 |   2.148 |    0.695 | 
     | U937                               | A1 v -> ZN ^  | CKND2D8                    | 0.082 |   2.230 |    0.777 | 
     |                                    | out[22] ^     |                            | 0.023 |   2.253 |    0.800 | 
     +--------------------------------------------------------------------------------------------------------------+ 

