###############################################################
#  Generated by:      Cadence Innovus 15.23-s045_1
#  OS:                Linux x86_64(Host ID ieng6-ece-08.ucsd.edu)
#  Generated on:      Sun Mar 23 11:46:24 2025
#  Design:            core
#  Command:           verifyGeometry
###############################################################

SHORT: Regular Via of Net mac_array_instance/col_idx_4__mac_col_inst/mac_8in_instance/mac_instance_1__mac_instance/u_mul_tc_8_8/n63 & Blockage of Cell mac_array_instance/col_idx_4__mac_col_inst/mac_8in_instance/mac_instance_1__mac_instance/u_mul_tc_8_8/FE_RC_6570_0  ( M1 )
Bounds : ( 541.610, 663.200 ) ( 541.790, 663.300 )


SHORT: Regular Via of Net mac_array_instance/col_idx_6__mac_col_inst/mac_8in_instance/mac_instance_7__mac_instance/u_mul_tc_8_8/xout_t[22] & Blockage of Cell mac_array_instance/col_idx_6__mac_col_inst/mac_8in_instance/mac_instance_7__mac_instance/u_mul_tc_8_8/u_booth_decoder_4/booth_decoder_loop_2__u_booth_decoder/FE_RC_2779_0  ( M1 )
Bounds : ( 704.250, 403.310 ) ( 704.350, 403.490 )


SHORT: Regular Via of Net mac_array_instance/col_idx_7__mac_col_inst/mac_8in_instance/mac_instance_0__mac_instance/n7 & Blockage of Cell mac_array_instance/col_idx_7__mac_col_inst/mac_8in_instance/mac_instance_0__mac_instance/FE_RC_6582_0  ( M1 )
Bounds : ( 740.380, 537.275 ) ( 740.620, 537.375 )


SHORT: Regular Via of Net mac_array_instance/col_idx_4__mac_col_inst/mac_8in_instance/mac_instance_1__mac_instance/n9 & Blockage of Cell mac_array_instance/col_idx_4__mac_col_inst/mac_8in_instance/mac_instance_1__mac_instance/FE_RC_6623_0  ( M1 )
Bounds : ( 523.210, 624.625 ) ( 523.390, 624.725 )


SHORT: Regular Via of Net ofifo_inst/col_idx_5__fifo_instance/FE_USKN6868_CTS_27 & Blockage of Cell ofifo_inst/col_idx_5__fifo_instance/FE_USKC7160_CTS_27  ( M1 )
Bounds : ( 598.610, 420.350 ) ( 598.990, 420.450 )


SHORT: Regular Via of Net mac_array_instance/col_idx_3__mac_col_inst/mac_8in_instance/mac_instance_5__mac_instance/u_mul_tc_8_8/n47 & Blockage of Cell mac_array_instance/col_idx_3__mac_col_inst/mac_8in_instance/mac_instance_5__mac_instance/u_mul_tc_8_8/FE_RC_9493_0  ( M1 )
Bounds : ( 505.210, 451.900 ) ( 505.390, 452.000 )


SHORT: Regular Via of Net mac_array_instance/col_idx_4__mac_col_inst/mac_8in_instance/mac_instance_6__mac_instance/u_mul_tc_8_8/u_booth_decoder_4/booth_decoder_loop_3__u_booth_decoder/n13 & Blockage of Cell mac_array_instance/col_idx_4__mac_col_inst/mac_8in_instance/mac_instance_6__mac_instance/u_mul_tc_8_8/u_booth_decoder_4/booth_decoder_loop_3__u_booth_decoder/FE_RC_5781_0  ( M1 )
Bounds : ( 577.050, 502.910 ) ( 577.150, 503.090 )


SHORT: Regular Via of Net mac_array_instance/col_idx_5__mac_col_inst/mac_8in_instance/mac_instance_1__mac_instance/u_mul_tc_8_8/xout_t[3] & Blockage of Cell mac_array_instance/col_idx_5__mac_col_inst/mac_8in_instance/mac_instance_1__mac_instance/u_mul_tc_8_8/u_booth_decoder_4/booth_decoder_loop_0__u_booth_decoder/FE_RC_4439_0  ( M1 )
Bounds : ( 612.810, 623.600 ) ( 612.990, 623.700 )


SHORT: Regular Via of Net mac_array_instance/col_idx_5__mac_col_inst/mac_8in_instance/mac_instance_2__mac_instance/n11 & Blockage of Cell mac_array_instance/col_idx_5__mac_col_inst/mac_8in_instance/mac_instance_2__mac_instance/U20  ( M1 )
Bounds : ( 596.410, 602.075 ) ( 596.590, 602.175 )


SHORT: Regular Via of Net mac_array_instance/col_idx_5__mac_col_inst/mac_8in_instance/mac_instance_2__mac_instance/u_mul_tc_8_8/xout_t[29] & Blockage of Cell mac_array_instance/col_idx_5__mac_col_inst/mac_8in_instance/mac_instance_2__mac_instance/u_mul_tc_8_8/u_booth_decoder_4/booth_decoder_loop_3__u_booth_decoder/FE_RC_7134_0  ( M1 )
Bounds : ( 612.250, 598.110 ) ( 612.350, 598.290 )


SHORT: Regular Via of Net mac_array_instance/col_idx_5__mac_col_inst/mac_8in_instance/mac_instance_4__mac_instance/u_mul_tc_8_8/xout_t[30] & Blockage of Cell mac_array_instance/col_idx_5__mac_col_inst/mac_8in_instance/mac_instance_4__mac_instance/u_mul_tc_8_8/u_booth_decoder_4/booth_decoder_loop_3__u_booth_decoder/FE_RC_2538_0  ( M1 )
Bounds : ( 667.650, 586.910 ) ( 667.750, 587.090 )


SHORT: Regular Via of Net mac_array_instance/col_idx_5__mac_col_inst/mac_8in_instance/mac_instance_6__mac_instance/n12 & Blockage of Cell mac_array_instance/col_idx_5__mac_col_inst/mac_8in_instance/mac_instance_6__mac_instance/FE_RC_6811_0  ( M1 )
Bounds : ( 630.410, 504.875 ) ( 630.590, 504.975 )


SHORT: Regular Via of Net mac_array_instance/col_idx_3__mac_col_inst/mac_8in_instance/mac_instance_2__mac_instance/u_mul_tc_8_8/xout_t[22] & Blockage of Cell mac_array_instance/col_idx_3__mac_col_inst/mac_8in_instance/mac_instance_2__mac_instance/u_mul_tc_8_8/u_booth_decoder_4/booth_decoder_loop_2__u_booth_decoder/FE_RC_885_0  ( M1 )
Bounds : ( 487.450, 585.710 ) ( 487.550, 585.890 )


SHORT: Regular Via of Net mac_array_instance/col_idx_3__mac_col_inst/mac_8in_instance/mac_instance_4__mac_instance/n9 & Blockage of Cell mac_array_instance/col_idx_3__mac_col_inst/mac_8in_instance/mac_instance_4__mac_instance/U15  ( M1 )
Bounds : ( 453.250, 556.670 ) ( 453.350, 557.090 )


SHORT: Regular Via of Net mac_array_instance/col_idx_3__mac_col_inst/mac_8in_instance/mac_instance_6__mac_instance/u_mul_tc_8_8/xout_t[21] & Blockage of Cell mac_array_instance/col_idx_3__mac_col_inst/mac_8in_instance/mac_instance_6__mac_instance/u_mul_tc_8_8/u_booth_decoder_4/booth_decoder_loop_2__u_booth_decoder/FE_RC_307_0  ( M1 )
Bounds : ( 523.650, 496.910 ) ( 523.750, 497.090 )


SHORT: Regular Via of Net mac_array_instance/col_idx_4__mac_col_inst/mac_8in_instance/mac_instance_1__mac_instance/n7 & Blockage of Cell mac_array_instance/col_idx_4__mac_col_inst/mac_8in_instance/mac_instance_1__mac_instance/FE_RC_6450_0  ( M1 )
Bounds : ( 523.810, 623.675 ) ( 523.990, 623.775 )


SHORT: Regular Via of Net mac_array_instance/col_idx_1__mac_col_inst/mac_8in_instance/mac_instance_7__mac_instance/n8 & Blockage of Cell mac_array_instance/col_idx_1__mac_col_inst/mac_8in_instance/mac_instance_7__mac_instance/FE_RC_7722_0  ( M1 )
Bounds : ( 379.610, 407.675 ) ( 379.790, 407.775 )


SHORT: Regular Via of Net mac_array_instance/col_idx_2__mac_col_inst/mac_8in_instance/n20 & Blockage of Cell mac_array_instance/col_idx_2__mac_col_inst/mac_8in_instance/FE_RC_6601_0  ( M1 )
Bounds : ( 432.810, 476.000 ) ( 432.990, 476.100 )


SHORT: Regular Via of Net mac_array_instance/col_idx_1__mac_col_inst/mac_8in_instance/mac_instance_5__mac_instance/u_mul_tc_8_8/u_booth_decoder_4/booth_decoder_loop_3__u_booth_decoder/n2 & Blockage of Cell mac_array_instance/col_idx_1__mac_col_inst/mac_8in_instance/mac_instance_5__mac_instance/u_mul_tc_8_8/u_booth_decoder_4/booth_decoder_loop_3__u_booth_decoder/FE_RC_8664_0  ( M1 )
Bounds : ( 217.010, 415.900 ) ( 217.190, 416.000 )


SHORT: Regular Via of Net fifo_out[37] & Blockage of Cell ofifo_inst/col_idx_1__fifo_instance/U45  ( M1 )
Bounds : ( 469.850, 366.110 ) ( 469.950, 366.290 )


SHORT: Regular Via of Net ofifo_inst/col_idx_1__fifo_instance/clk_gate_fifo_mem_reg_4_/FE_USKN6579_net13387 & Blockage of Cell ofifo_inst/col_idx_1__fifo_instance/clk_gate_fifo_mem_reg_4_/FE_USKC7076_net13387  ( M1 )
Bounds : ( 500.410, 369.950 ) ( 500.790, 370.050 )


SHORT: Regular Via of Net ofifo_inst/col_idx_1__fifo_instance/clk_gate_fifo_mem_reg_4_/FE_USKN7076_net13387 & Blockage of Cell ofifo_inst/col_idx_1__fifo_instance/clk_gate_fifo_mem_reg_4_/FE_USKC7075_net13387  ( M1 )
Bounds : ( 484.610, 387.950 ) ( 484.990, 388.050 )


SHORT: Regular Via of Net pmem_in_sel[42] & Blockage of Cell FE_RC_2544_0  ( M1 )
Bounds : ( 577.250, 324.470 ) ( 577.350, 324.890 )


SHORT: Regular Via of Net FE_OFN2076_out_59_ & Blockage of Cell U898  ( M1 )
Bounds : ( 524.450, 182.110 ) ( 524.550, 182.530 )


SHORT: Regular Via of Net sfp_row_instance/n3650 & Blockage of Cell sfp_row_instance/U1765  ( M1 )
Bounds : ( 467.980, 98.000 ) ( 468.220, 98.100 )


SHORT: Regular Via of Net sfp_row_instance/n2186 & Blockage of Cell sfp_row_instance/U60  ( M1 )
Bounds : ( 505.010, 134.000 ) ( 505.190, 134.100 )


SHORT: Regular Via of Net sfp_row_instance/n4007 & Blockage of Cell sfp_row_instance/U1070  ( M1 )
Bounds : ( 576.450, 108.270 ) ( 576.550, 108.690 )


SHORT: Regular Via of Net sfp_row_instance/n3526 & Blockage of Cell sfp_row_instance/FE_RC_3298_0  ( M1 )
Bounds : ( 558.410, 63.600 ) ( 558.590, 63.700 )


SHORT: Regular Via of Net sfp_row_instance/n1296 & Blockage of Cell sfp_row_instance/FE_RC_2956_0  ( M1 )
Bounds : ( 487.050, 169.310 ) ( 487.150, 169.490 )


SHORT: Regular Via of Net FE_OCPN6157_FE_OFN2943_out_43_ & Blockage of Cell FE_RC_9276_0  ( M1 )
Bounds : ( 524.050, 173.070 ) ( 524.150, 173.490 )


SHORT: Regular Via of Net FE_OFN3006_out_120_ & Blockage of Cell U1180  ( M1 )
Bounds : ( 416.810, 184.400 ) ( 416.990, 184.500 )



Begin Summary ...
  Cells       : 0
  SameNet     : 0
  Wiring      : 0
  Antenna     : 0
  Short       : 31
  Overlap     : 0
End Summary

  Total Violations : 31 Viols.
