###############################################################
#  Generated by:      Cadence Innovus 15.23-s045_1
#  OS:                Linux x86_64(Host ID ieng6-ece-08.ucsd.edu)
#  Generated on:      Sun Mar 23 11:46:30 2025
#  Design:            core
#  Command:           verifyConnectivity
###############################################################
Verify Connectivity Report is created on Sun Mar 23 11:46:30 2025



Net VDD: has special routes with opens at (50.000, 340.820) (850.000, 684.500)
Net VDD: has special routes with opens at (50.000, 186.070) (850.000, 320.730)
Net VDD: has special routes with opens at (50.000, 747.640) (850.000, 748.565)
Net VDD: has special routes with opens at (50.000, 744.020) (850.000, 745.530)
Net VDD: has special routes with opens at (50.000, 740.420) (850.000, 741.945)
Net VDD: has special routes with opens at (50.000, 711.625) (850.000, 713.175)
Net VDD: has special routes with opens at (50.000, 715.225) (850.000, 716.780)
Net VDD: has special routes with opens at (50.000, 733.240) (850.000, 734.780)
Net VDD: has special routes with opens at (50.000, 729.625) (850.000, 731.180)
Net VDD: has special routes with opens at (50.000, 726.025) (850.000, 727.580)
Net VDD: has special routes with opens at (50.000, 722.420) (850.000, 723.980)
Net VDD: has special routes with opens at (50.000, 718.825) (850.000, 720.380)
Net VDD: has special routes with opens at (50.000, 697.225) (850.000, 698.775)
Net VDD: has special routes with opens at (50.000, 700.825) (850.000, 702.380)
Net VDD: has special routes with opens at (50.000, 704.425) (850.000, 705.975)
Net VDD: has special routes with opens at (50.000, 708.025) (850.000, 709.575)
Net VDD: has special routes with opens at (50.000, 693.625) (850.000, 695.175)
Net VDD: has special routes with opens at (50.000, 690.020) (850.000, 691.575)
Net VDD: has special routes with opens at (50.000, 686.420) (850.000, 687.975)
Net VDD: has special routes with opens at (50.000, 736.820) (850.000, 738.380)
Net VDD: has special routes with opens at (50.000, 337.225) (850.000, 338.800)
Net VDD: has special routes with opens at (50.000, 333.620) (850.000, 335.180)
Net VDD: has special routes with opens at (50.000, 330.020) (850.000, 331.580)
Net VDD: has special routes with opens at (50.000, 326.420) (850.000, 327.980)
Net VDD: has special routes with opens at (50.000, 322.825) (850.000, 324.380)
Net VDD: has special routes with opens at (50.000, 175.240) (850.000, 176.780)
Net VDD: has special routes with opens at (50.000, 178.820) (850.000, 180.380)
Net VDD: has special routes with opens at (50.000, 182.420) (850.000, 183.980)
Net VDD: has special routes with opens at (50.000, 171.620) (850.000, 173.180)
Net VDD: has special routes with opens at (50.000, 168.040) (850.000, 169.580)
Net VDD: has special routes with opens at (50.000, 164.440) (850.000, 165.960)
Net VDD: has special routes with opens at (50.000, 160.820) (850.000, 162.380)
Net VDD: has special routes with opens at (50.000, 157.240) (850.000, 158.780)
Net VDD: has special routes with opens at (50.000, 153.620) (850.000, 155.180)
Net VDD: has special routes with opens at (50.000, 150.020) (850.000, 151.575)
Net VDD: has special routes with opens at (50.000, 146.420) (850.000, 147.980)
Net VDD: has special routes with opens at (50.000, 142.840) (850.000, 144.380)
Net VDD: has special routes with opens at (50.000, 139.240) (850.000, 140.760)
Net VDD: has special routes with opens at (50.000, 135.620) (850.000, 137.175)
Net VDD: has special routes with opens at (50.000, 132.020) (850.000, 133.580)
Net VDD: has special routes with opens at (50.000, 128.430) (850.000, 129.965)
Net VDD: has special routes with opens at (50.000, 124.820) (850.000, 126.375)
Net VDD: has special routes with opens at (50.000, 121.220) (850.000, 122.775)
Net VDD: has special routes with opens at (50.000, 117.625) (850.000, 119.180)
Net VDD: has special routes with opens at (50.000, 114.020) (850.000, 115.575)
Net VDD: has special routes with opens at (50.000, 110.420) (850.000, 111.975)
Net VDD: has special routes with opens at (50.000, 106.820) (850.000, 108.380)
Net VDD: has special routes with opens at (50.000, 103.230) (850.000, 104.780)
Net VDD: has special routes with opens at (50.000, 99.620) (850.000, 101.180)
Net VDD: has special routes with opens at (50.000, 96.040) (850.000, 97.580)
Net VDD: has special routes with opens at (50.000, 92.440) (850.000, 93.970)
Net VDD: has special routes with opens at (50.000, 74.440) (850.000, 75.980)
Net VDD: has special routes with opens at (50.000, 78.030) (850.000, 79.580)
Net VDD: has special routes with opens at (50.000, 88.800) (850.000, 90.380)
Net VDD: has special routes with opens at (50.000, 85.230) (850.000, 86.760)
Net VDD: has special routes with opens at (50.000, 81.620) (850.000, 83.180)
Net VDD: has special routes with opens at (50.000, 70.800) (850.000, 72.360)
Net VDD: has special routes with opens at (50.000, 67.220) (850.000, 68.760)
Net VDD: has special routes with opens at (50.000, 63.620) (850.000, 65.180)
Net VDD: has special routes with opens at (50.000, 49.835) (850.000, 50.780)
Net VDD: has special routes with opens at (50.000, 52.820) (850.000, 54.380)
Net VDD: has special routes with opens at (50.000, 56.420) (850.000, 57.980)
Net VDD: has special routes with opens at (50.000, 60.020) (850.000, 61.580)
Net VDD: has special routes with opens at (50.000, 747.590) (850.000, 748.590)
Net VDD: has special routes with opens at (50.000, 127.510) (850.000, 128.510)
Net VDD: has special routes with opens at (50.000, 50.000) (850.000, 51.000)
Net VDD: dangling Wire at (50.000, 654.800) (50.000, 654.800) on layer: M1
Net VDD: dangling Wire at (50.000, 658.400) (50.000, 658.400) on layer: M1
Net VDD: dangling Wire at (50.000, 662.000) (50.000, 662.000) on layer: M1
Net VDD: dangling Wire at (50.000, 665.600) (50.000, 665.600) on layer: M1
Net VDD: dangling Wire at (50.000, 644.000) (50.000, 644.000) on layer: M1
Net VDD: dangling Wire at (50.000, 647.600) (50.000, 647.600) on layer: M1
Net VDD: dangling Wire at (50.000, 651.200) (50.000, 651.200) on layer: M1
Net VDD: dangling Wire at (50.000, 640.400) (50.000, 640.400) on layer: M1
Net VDD: dangling Wire at (50.000, 622.400) (50.000, 622.400) on layer: M1
Net VDD: dangling Wire at (50.000, 618.800) (50.000, 618.800) on layer: M1
Net VDD: dangling Wire at (50.000, 615.200) (50.000, 615.200) on layer: M1
Net VDD: dangling Wire at (50.000, 611.600) (50.000, 611.600) on layer: M1
Net VDD: dangling Wire at (50.000, 608.000) (50.000, 608.000) on layer: M1
Net VDD: dangling Wire at (50.000, 604.400) (50.000, 604.400) on layer: M1
Net VDD: dangling Wire at (50.000, 597.200) (50.000, 597.200) on layer: M1
Net VDD: dangling Wire at (50.000, 572.000) (50.000, 572.000) on layer: M1
Net VDD: dangling Wire at (50.000, 593.600) (50.000, 593.600) on layer: M1
Net VDD: dangling Wire at (50.000, 590.000) (50.000, 590.000) on layer: M1
Net VDD: dangling Wire at (50.000, 582.800) (50.000, 582.800) on layer: M1
Net VDD: dangling Wire at (50.000, 579.200) (50.000, 579.200) on layer: M1
Net VDD: dangling Wire at (50.000, 575.600) (50.000, 575.600) on layer: M1
Net VDD: dangling Wire at (50.000, 546.800) (50.000, 546.800) on layer: M1
Net VDD: dangling Wire at (50.000, 550.400) (50.000, 550.400) on layer: M1
Net VDD: dangling Wire at (50.000, 557.600) (50.000, 557.600) on layer: M1
Net VDD: dangling Wire at (50.000, 539.600) (50.000, 539.600) on layer: M1
Net VDD: dangling Wire at (50.000, 514.400) (50.000, 514.400) on layer: M1
Net VDD: dangling Wire at (50.000, 500.000) (50.000, 500.000) on layer: M1
Net VDD: dangling Wire at (50.000, 496.400) (50.000, 496.400) on layer: M1
Net VDD: dangling Wire at (50.000, 492.800) (50.000, 492.800) on layer: M1
Net VDD: dangling Wire at (50.000, 474.800) (50.000, 474.800) on layer: M1
Net VDD: dangling Wire at (50.000, 438.800) (50.000, 438.800) on layer: M1
Net VDD: dangling Wire at (50.000, 446.000) (50.000, 446.000) on layer: M1
Net VDD: dangling Wire at (50.000, 449.600) (50.000, 449.600) on layer: M1
Net VDD: dangling Wire at (50.000, 435.200) (50.000, 435.200) on layer: M1
Net VDD: dangling Wire at (50.000, 431.600) (50.000, 431.600) on layer: M1
Net VDD: dangling Wire at (50.000, 413.600) (50.000, 413.600) on layer: M1
Net VDD: dangling Wire at (50.000, 406.400) (50.000, 406.400) on layer: M1
Net VDD: dangling Wire at (50.000, 402.800) (50.000, 402.800) on layer: M1
Net VDD: dangling Wire at (850.000, 716.000) (850.000, 716.000) on layer: M1
Net VDD: dangling Wire at (50.000, 726.800) (50.000, 726.800) on layer: M1
Net VDD: dangling Wire at (850.000, 726.800) (850.000, 726.800) on layer: M1
Net VDD: dangling Wire at (50.000, 723.200) (50.000, 723.200) on layer: M1
Net VDD: dangling Wire at (850.000, 662.000) (850.000, 662.000) on layer: M1
Net VDD: dangling Wire at (850.000, 680.000) (850.000, 680.000) on layer: M1
Net VDD: dangling Wire at (850.000, 651.200) (850.000, 651.200) on layer: M1
Net VDD: dangling Wire at (850.000, 633.200) (850.000, 633.200) on layer: M1
Net VDD: dangling Wire at (850.000, 582.800) (850.000, 582.800) on layer: M1
Net VDD: dangling Wire at (850.000, 568.400) (850.000, 568.400) on layer: M1
Net VDD: dangling Wire at (850.000, 449.600) (850.000, 449.600) on layer: M1
Net VDD: dangling Wire at (850.000, 294.800) (850.000, 294.800) on layer: M1
Net VDD: dangling Wire at (850.000, 251.600) (850.000, 251.600) on layer: M1
Net VDD: dangling Wire at (850.000, 240.800) (850.000, 240.800) on layer: M1
Net VDD: dangling Wire at (850.000, 222.800) (850.000, 222.800) on layer: M1
Net VDD: dangling Wire at (50.000, 377.600) (50.000, 377.600) on layer: M1
Net VDD: dangling Wire at (50.000, 381.200) (50.000, 381.200) on layer: M1
Net VDD: dangling Wire at (50.000, 384.800) (50.000, 384.800) on layer: M1
Net VDD: dangling Wire at (50.000, 388.400) (50.000, 388.400) on layer: M1
Net VDD: dangling Wire at (50.000, 392.000) (50.000, 392.000) on layer: M1
Net VDD: dangling Wire at (50.000, 399.200) (50.000, 399.200) on layer: M1
Net VDD: dangling Wire at (50.000, 291.200) (50.000, 291.200) on layer: M1
Net VDD: dangling Wire at (50.000, 294.800) (50.000, 294.800) on layer: M1
Net VDD: dangling Wire at (50.000, 298.400) (50.000, 298.400) on layer: M1
Net VDD: dangling Wire at (50.000, 305.600) (50.000, 305.600) on layer: M1
Net VDD: dangling Wire at (50.000, 309.200) (50.000, 309.200) on layer: M1
Net VDD: dangling Wire at (50.000, 312.800) (50.000, 312.800) on layer: M1
Net VDD: dangling Wire at (50.000, 280.400) (50.000, 280.400) on layer: M1
Net VDD: dangling Wire at (50.000, 276.800) (50.000, 276.800) on layer: M1
Net VDD: dangling Wire at (50.000, 273.200) (50.000, 273.200) on layer: M1
Net VDD: dangling Wire at (50.000, 266.000) (50.000, 266.000) on layer: M1
Net VDD: dangling Wire at (50.000, 262.400) (50.000, 262.400) on layer: M1
Net VDD: dangling Wire at (50.000, 284.000) (50.000, 284.000) on layer: M1
Net VDD: dangling Wire at (50.000, 258.800) (50.000, 258.800) on layer: M1
Net VDD: dangling Wire at (50.000, 244.400) (50.000, 244.400) on layer: M1
Net VDD: dangling Wire at (50.000, 240.800) (50.000, 240.800) on layer: M1
Net VDD: dangling Wire at (50.000, 204.800) (50.000, 204.800) on layer: M1
Net VDD: dangling Wire at (50.000, 215.600) (50.000, 215.600) on layer: M1
Net VDD: dangling Wire at (50.000, 219.200) (50.000, 219.200) on layer: M1
Net VDD: dangling Wire at (50.000, 287.600) (50.000, 287.600) on layer: M1
Net VDD: dangling Wire at (50.000, 359.600) (50.000, 359.600) on layer: M1
Net VDD: dangling Wire at (50.000, 345.200) (50.000, 345.200) on layer: M1
Net VDD: dangling Wire at (50.000, 338.000) (50.000, 338.000) on layer: M1
Net VDD: dangling Wire at (850.000, 147.200) (850.000, 147.200) on layer: M1
Net VDD: dangling Wire at (50.000, 50.000) (50.000, 50.000) on layer: M1
Net VDD: dangling Wire at (50.000, 748.090) (50.000, 748.090) on layer: M5
Net VDD: dangling Wire at (850.000, 748.090) (850.000, 748.090) on layer: M5
Net VDD: dangling Wire at (50.000, 670.580) (50.000, 670.580) on layer: M5
Net VDD: dangling Wire at (850.000, 670.580) (850.000, 670.580) on layer: M5
Net VDD: dangling Wire at (50.000, 593.070) (50.000, 593.070) on layer: M5
Net VDD: dangling Wire at (850.000, 593.070) (850.000, 593.070) on layer: M5
Net VDD: dangling Wire at (50.000, 515.560) (50.000, 515.560) on layer: M5
Net VDD: dangling Wire at (850.000, 515.560) (850.000, 515.560) on layer: M5
Net VDD: dangling Wire at (50.000, 438.050) (50.000, 438.050) on layer: M5
Net VDD: dangling Wire at (850.000, 438.050) (850.000, 438.050) on layer: M5
Net VDD: dangling Wire at (50.000, 360.540) (50.000, 360.540) on layer: M5
Net VDD: dangling Wire at (850.000, 360.540) (850.000, 360.540) on layer: M5
Net VDD: dangling Wire at (50.000, 283.030) (50.000, 283.030) on layer: M5
Net VDD: dangling Wire at (850.000, 283.030) (850.000, 283.030) on layer: M5
Net VDD: dangling Wire at (50.000, 205.520) (50.000, 205.520) on layer: M5
Net VDD: dangling Wire at (850.000, 205.520) (850.000, 205.520) on layer: M5
Net VDD: dangling Wire at (50.000, 128.010) (50.000, 128.010) on layer: M5
Net VDD: dangling Wire at (850.000, 128.010) (850.000, 128.010) on layer: M5
Net VDD: dangling Wire at (50.000, 50.500) (50.000, 50.500) on layer: M5
Net VDD: dangling Wire at (850.000, 50.500) (850.000, 50.500) on layer: M5
Net VSS: has special routes with opens at (50.000, 340.500) (850.000, 686.105)
Net VSS: has special routes with opens at (50.000, 185.500) (850.000, 320.500)
Net VSS: has special routes with opens at (50.000, 738.705) (850.000, 740.095)
Net VSS: has special routes with opens at (50.000, 742.310) (850.000, 743.695)
Net VSS: has special routes with opens at (50.000, 746.045) (850.000, 747.295)
Net VSS: has special routes with opens at (50.000, 735.105) (850.000, 736.495)
Net VSS: has special routes with opens at (50.000, 731.505) (850.000, 732.895)
Net VSS: has special routes with opens at (50.000, 727.905) (850.000, 729.295)
Net VSS: has special routes with opens at (50.000, 724.305) (850.000, 725.690)
Net VSS: has special routes with opens at (50.000, 720.705) (850.000, 722.095)
Net VSS: has special routes with opens at (50.000, 717.105) (850.000, 718.505)
Net VSS: has special routes with opens at (50.000, 713.505) (850.000, 714.885)
Net VSS: has special routes with opens at (50.000, 709.910) (850.000, 711.285)
Net VSS: has special routes with opens at (50.000, 688.295) (850.000, 689.705)
Net VSS: has special routes with opens at (50.000, 706.295) (850.000, 707.705)
Net VSS: has special routes with opens at (50.000, 702.705) (850.000, 704.105)
Net VSS: has special routes with opens at (50.000, 699.115) (850.000, 700.495)
Net VSS: has special routes with opens at (50.000, 695.495) (850.000, 696.905)
Net VSS: has special routes with opens at (50.000, 691.895) (850.000, 693.305)
Net VSS: has special routes with opens at (50.000, 321.105) (850.000, 322.495)
Net VSS: has special routes with opens at (50.000, 324.695) (850.000, 326.105)
Net VSS: has special routes with opens at (50.000, 328.295) (850.000, 329.705)
Net VSS: has special routes with opens at (50.000, 331.895) (850.000, 333.305)
Net VSS: has special routes with opens at (50.000, 335.495) (850.000, 336.905)
Net VSS: has special routes with opens at (50.000, 339.095) (850.000, 340.505)
Net VSS: has special routes with opens at (50.000, 177.095) (850.000, 178.495)
Net VSS: has special routes with opens at (50.000, 180.695) (850.000, 182.095)
Net VSS: has special routes with opens at (50.000, 184.295) (850.000, 185.555)
Net VSS: has special routes with opens at (50.000, 173.495) (850.000, 174.905)
Net VSS: has special routes with opens at (50.000, 169.895) (850.000, 171.305)
Net VSS: has special routes with opens at (50.000, 166.295) (850.000, 167.705)
Net VSS: has special routes with opens at (50.000, 162.695) (850.000, 164.105)
Net VSS: has special routes with opens at (50.000, 159.105) (850.000, 160.505)
Net VSS: has special routes with opens at (50.000, 155.495) (850.000, 156.895)
Net VSS: has special routes with opens at (50.000, 151.895) (850.000, 153.295)
Net VSS: has special routes with opens at (50.000, 148.305) (850.000, 149.705)
Net VSS: has special routes with opens at (50.000, 119.495) (850.000, 120.905)
Net VSS: has special routes with opens at (50.000, 123.105) (850.000, 124.495)
Net VSS: has special routes with opens at (50.000, 126.695) (850.000, 128.095)
Net VSS: has special routes with opens at (50.000, 144.695) (850.000, 146.105)
Net VSS: has special routes with opens at (50.000, 141.095) (850.000, 142.505)
Net VSS: has special routes with opens at (50.000, 137.495) (850.000, 138.905)
Net VSS: has special routes with opens at (50.000, 133.905) (850.000, 135.305)
Net VSS: has special routes with opens at (50.000, 130.295) (850.000, 131.705)
Net VSS: has special routes with opens at (50.000, 115.895) (850.000, 117.305)
Net VSS: has special routes with opens at (50.000, 112.305) (850.000, 113.705)
Net VSS: has special routes with opens at (50.000, 108.705) (850.000, 110.105)
Net VSS: has special routes with opens at (50.000, 105.095) (850.000, 106.495)
Net VSS: has special routes with opens at (50.000, 101.505) (850.000, 102.905)
Net VSS: has special routes with opens at (50.000, 97.905) (850.000, 99.305)
Net VSS: has special routes with opens at (50.000, 94.305) (850.000, 95.705)
Net VSS: has special routes with opens at (50.000, 90.705) (850.000, 92.095)
Net VSS: has special routes with opens at (50.000, 65.505) (850.000, 66.905)
Net VSS: has special routes with opens at (50.000, 87.095) (850.000, 88.495)
Net VSS: has special routes with opens at (50.000, 83.505) (850.000, 84.895)
Net VSS: has special routes with opens at (50.000, 79.905) (850.000, 81.305)
Net VSS: has special routes with opens at (50.000, 76.295) (850.000, 77.695)
Net VSS: has special routes with opens at (50.000, 72.695) (850.000, 74.095)
Net VSS: has special routes with opens at (50.000, 69.095) (850.000, 70.495)
Net VSS: has special routes with opens at (50.000, 51.095) (850.000, 52.495)
Net VSS: has special routes with opens at (50.000, 54.705) (850.000, 56.095)
Net VSS: has special routes with opens at (50.000, 58.305) (850.000, 59.695)
Net VSS: has special routes with opens at (50.000, 61.905) (850.000, 63.305)
Net VSS: has special routes with opens at (50.000, 748.990) (850.000, 749.990)
Net VSS: has special routes with opens at (50.000, 128.910) (850.000, 129.910)
Net VSS: has special routes with opens at (50.000, 51.400) (850.000, 52.400)
Net VSS: dangling Wire at (50.000, 667.400) (50.000, 667.400) on layer: M1
Net VSS: dangling Wire at (50.000, 663.800) (50.000, 663.800) on layer: M1
Net VSS: dangling Wire at (50.000, 660.200) (50.000, 660.200) on layer: M1
Net VSS: dangling Wire at (50.000, 656.600) (50.000, 656.600) on layer: M1
Net VSS: dangling Wire at (50.000, 649.400) (50.000, 649.400) on layer: M1
Net VSS: dangling Wire at (50.000, 645.800) (50.000, 645.800) on layer: M1
Net VSS: dangling Wire at (50.000, 642.200) (50.000, 642.200) on layer: M1
Net VSS: dangling Wire at (50.000, 638.600) (50.000, 638.600) on layer: M1
Net VSS: dangling Wire at (50.000, 653.000) (50.000, 653.000) on layer: M1
Net VSS: dangling Wire at (50.000, 624.200) (50.000, 624.200) on layer: M1
Net VSS: dangling Wire at (50.000, 620.600) (50.000, 620.600) on layer: M1
Net VSS: dangling Wire at (50.000, 617.000) (50.000, 617.000) on layer: M1
Net VSS: dangling Wire at (50.000, 613.400) (50.000, 613.400) on layer: M1
Net VSS: dangling Wire at (50.000, 609.800) (50.000, 609.800) on layer: M1
Net VSS: dangling Wire at (50.000, 606.200) (50.000, 606.200) on layer: M1
Net VSS: dangling Wire at (50.000, 602.600) (50.000, 602.600) on layer: M1
Net VSS: dangling Wire at (50.000, 595.400) (50.000, 595.400) on layer: M1
Net VSS: dangling Wire at (50.000, 591.800) (50.000, 591.800) on layer: M1
Net VSS: dangling Wire at (50.000, 584.600) (50.000, 584.600) on layer: M1
Net VSS: dangling Wire at (50.000, 581.000) (50.000, 581.000) on layer: M1
Net VSS: dangling Wire at (50.000, 577.400) (50.000, 577.400) on layer: M1
Net VSS: dangling Wire at (50.000, 573.800) (50.000, 573.800) on layer: M1
Net VSS: dangling Wire at (50.000, 552.200) (50.000, 552.200) on layer: M1
Net VSS: dangling Wire at (50.000, 548.600) (50.000, 548.600) on layer: M1
Net VSS: dangling Wire at (50.000, 545.000) (50.000, 545.000) on layer: M1
Net VSS: dangling Wire at (50.000, 516.200) (50.000, 516.200) on layer: M1
Net VSS: dangling Wire at (50.000, 537.800) (50.000, 537.800) on layer: M1
Net VSS: dangling Wire at (50.000, 505.400) (50.000, 505.400) on layer: M1
Net VSS: dangling Wire at (50.000, 498.200) (50.000, 498.200) on layer: M1
Net VSS: dangling Wire at (50.000, 494.600) (50.000, 494.600) on layer: M1
Net VSS: dangling Wire at (50.000, 458.600) (50.000, 458.600) on layer: M1
Net VSS: dangling Wire at (50.000, 447.800) (50.000, 447.800) on layer: M1
Net VSS: dangling Wire at (50.000, 440.600) (50.000, 440.600) on layer: M1
Net VSS: dangling Wire at (50.000, 437.000) (50.000, 437.000) on layer: M1
Net VSS: dangling Wire at (50.000, 433.400) (50.000, 433.400) on layer: M1
Net VSS: dangling Wire at (50.000, 429.800) (50.000, 429.800) on layer: M1
Net VSS: dangling Wire at (50.000, 401.000) (50.000, 401.000) on layer: M1
Net VSS: dangling Wire at (50.000, 415.400) (50.000, 415.400) on layer: M1
Net VSS: dangling Wire at (50.000, 408.200) (50.000, 408.200) on layer: M1
Net VSS: dangling Wire at (50.000, 404.600) (50.000, 404.600) on layer: M1
Net VSS: dangling Wire at (50.000, 512.600) (50.000, 512.600) on layer: M1
Net VSS: dangling Wire at (50.000, 725.000) (50.000, 725.000) on layer: M1
Net VSS: dangling Wire at (850.000, 717.800) (850.000, 717.800) on layer: M1
Net VSS: dangling Wire at (850.000, 660.200) (850.000, 660.200) on layer: M1
Net VSS: dangling Wire at (850.000, 645.800) (850.000, 645.800) on layer: M1
Net VSS: dangling Wire at (850.000, 635.000) (850.000, 635.000) on layer: M1
Net VSS: dangling Wire at (850.000, 627.800) (850.000, 627.800) on layer: M1
Net VSS: dangling Wire at (850.000, 653.000) (850.000, 653.000) on layer: M1
Net VSS: dangling Wire at (850.000, 584.600) (850.000, 584.600) on layer: M1
Net VSS: dangling Wire at (850.000, 566.600) (850.000, 566.600) on layer: M1
Net VSS: dangling Wire at (850.000, 548.600) (850.000, 548.600) on layer: M1
Net VSS: dangling Wire at (850.000, 483.800) (850.000, 483.800) on layer: M1
Net VSS: dangling Wire at (850.000, 473.000) (850.000, 473.000) on layer: M1
Net VSS: dangling Wire at (850.000, 444.200) (850.000, 444.200) on layer: M1
Net VSS: dangling Wire at (850.000, 437.000) (850.000, 437.000) on layer: M1
Net VSS: dangling Wire at (850.000, 278.600) (850.000, 278.600) on layer: M1
Net VSS: dangling Wire at (850.000, 267.800) (850.000, 267.800) on layer: M1
Net VSS: dangling Wire at (850.000, 231.800) (850.000, 231.800) on layer: M1
Net VSS: dangling Wire at (850.000, 206.600) (850.000, 206.600) on layer: M1
Net VSS: dangling Wire at (50.000, 361.400) (50.000, 361.400) on layer: M1
Net VSS: dangling Wire at (50.000, 368.600) (50.000, 368.600) on layer: M1
Net VSS: dangling Wire at (50.000, 375.800) (50.000, 375.800) on layer: M1
Net VSS: dangling Wire at (50.000, 379.400) (50.000, 379.400) on layer: M1
Net VSS: dangling Wire at (50.000, 383.000) (50.000, 383.000) on layer: M1
Net VSS: dangling Wire at (50.000, 386.600) (50.000, 386.600) on layer: M1
Net VSS: dangling Wire at (50.000, 390.200) (50.000, 390.200) on layer: M1
Net VSS: dangling Wire at (50.000, 397.400) (50.000, 397.400) on layer: M1
Net VSS: dangling Wire at (50.000, 289.400) (50.000, 289.400) on layer: M1
Net VSS: dangling Wire at (50.000, 293.000) (50.000, 293.000) on layer: M1
Net VSS: dangling Wire at (50.000, 296.600) (50.000, 296.600) on layer: M1
Net VSS: dangling Wire at (50.000, 303.800) (50.000, 303.800) on layer: M1
Net VSS: dangling Wire at (50.000, 307.400) (50.000, 307.400) on layer: M1
Net VSS: dangling Wire at (50.000, 311.000) (50.000, 311.000) on layer: M1
Net VSS: dangling Wire at (50.000, 285.800) (50.000, 285.800) on layer: M1
Net VSS: dangling Wire at (50.000, 282.200) (50.000, 282.200) on layer: M1
Net VSS: dangling Wire at (50.000, 278.600) (50.000, 278.600) on layer: M1
Net VSS: dangling Wire at (50.000, 275.000) (50.000, 275.000) on layer: M1
Net VSS: dangling Wire at (50.000, 271.400) (50.000, 271.400) on layer: M1
Net VSS: dangling Wire at (50.000, 264.200) (50.000, 264.200) on layer: M1
Net VSS: dangling Wire at (50.000, 260.600) (50.000, 260.600) on layer: M1
Net VSS: dangling Wire at (50.000, 257.000) (50.000, 257.000) on layer: M1
Net VSS: dangling Wire at (50.000, 249.800) (50.000, 249.800) on layer: M1
Net VSS: dangling Wire at (50.000, 242.600) (50.000, 242.600) on layer: M1
Net VSS: dangling Wire at (50.000, 239.000) (50.000, 239.000) on layer: M1
Net VSS: dangling Wire at (50.000, 203.000) (50.000, 203.000) on layer: M1
Net VSS: dangling Wire at (50.000, 206.600) (50.000, 206.600) on layer: M1
Net VSS: dangling Wire at (50.000, 213.800) (50.000, 213.800) on layer: M1
Net VSS: dangling Wire at (50.000, 217.400) (50.000, 217.400) on layer: M1
Net VSS: dangling Wire at (50.000, 228.200) (50.000, 228.200) on layer: M1
Net VSS: dangling Wire at (850.000, 361.400) (850.000, 361.400) on layer: M1
Net VSS: dangling Wire at (50.000, 134.600) (50.000, 134.600) on layer: M1
Net VSS: dangling Wire at (50.000, 80.600) (50.000, 80.600) on layer: M1
Net VSS: dangling Wire at (850.000, 80.600) (850.000, 80.600) on layer: M1
Net VSS: dangling Wire at (50.000, 69.800) (50.000, 69.800) on layer: M1
Net VSS: dangling Wire at (850.000, 69.800) (850.000, 69.800) on layer: M1
Net VSS: dangling Wire at (50.000, 55.400) (50.000, 55.400) on layer: M1
Net VSS: dangling Wire at (850.000, 55.400) (850.000, 55.400) on layer: M1
Net VSS: dangling Wire at (50.000, 62.600) (50.000, 62.600) on layer: M1
Net VSS: dangling Wire at (850.000, 62.600) (850.000, 62.600) on layer: M1
Net VSS: dangling Wire at (50.000, 749.490) (50.000, 749.490) on layer: M5
Net VSS: dangling Wire at (850.000, 749.490) (850.000, 749.490) on layer: M5
Net VSS: dangling Wire at (50.000, 671.980) (50.000, 671.980) on layer: M5
Net VSS: dangling Wire at (850.000, 671.980) (850.000, 671.980) on layer: M5
Net VSS: dangling Wire at (50.000, 594.470) (50.000, 594.470) on layer: M5
Net VSS: dangling Wire at (850.000, 594.470) (850.000, 594.470) on layer: M5
Net VSS: dangling Wire at (50.000, 516.960) (50.000, 516.960) on layer: M5
Net VSS: dangling Wire at (850.000, 516.960) (850.000, 516.960) on layer: M5
Net VSS: dangling Wire at (50.000, 439.450) (50.000, 439.450) on layer: M5
Net VSS: dangling Wire at (850.000, 439.450) (850.000, 439.450) on layer: M5
Net VSS: dangling Wire at (50.000, 361.940) (50.000, 361.940) on layer: M5
Net VSS: dangling Wire at (850.000, 361.940) (850.000, 361.940) on layer: M5
Net VSS: dangling Wire at (50.000, 284.430) (50.000, 284.430) on layer: M5
Net VSS: dangling Wire at (850.000, 284.430) (850.000, 284.430) on layer: M5
Net VSS: dangling Wire at (50.000, 206.920) (50.000, 206.920) on layer: M5
Net VSS: dangling Wire at (850.000, 206.920) (850.000, 206.920) on layer: M5
Net VSS: dangling Wire at (50.000, 129.410) (50.000, 129.410) on layer: M5
Net VSS: dangling Wire at (850.000, 129.410) (850.000, 129.410) on layer: M5
Net VSS: dangling Wire at (50.000, 51.900) (50.000, 51.900) on layer: M5
Net VSS: dangling Wire at (850.000, 51.900) (850.000, 51.900) on layer: M5

Begin Summary
    132 Problem(s) (IMPVFC-200): Special Wires: Pieces of the net are not connected together.
    222 Problem(s) (IMPVFC-94): The net has dangling wire(s).
    354 total info(s) created.
End Summary
