###############################################################
#  Generated by:      Cadence Innovus 15.23-s045_1
#  OS:                Linux x86_64(Host ID ieng6-ece-08.ucsd.edu)
#  Generated on:      Sun Mar 23 19:05:52 2025
#  Design:            core
#  Command:           verifyConnectivity
###############################################################
Verify Connectivity Report is created on Sun Mar 23 19:05:52 2025



Net VDD: has special routes with opens at (50.000, 240.020) (850.000, 584.675)
Net VDD: has special routes with opens at (50.000, 85.270) (850.000, 219.930)
Net VDD: has special routes with opens at (50.000, 596.440) (850.000, 597.960)
Net VDD: has special routes with opens at (50.000, 592.835) (850.000, 594.380)
Net VDD: has special routes with opens at (50.000, 589.230) (850.000, 590.765)
Net VDD: has special routes with opens at (50.000, 585.635) (850.000, 587.165)
Net VDD: has special routes with opens at (50.000, 236.440) (850.000, 237.970)
Net VDD: has special routes with opens at (50.000, 232.840) (850.000, 234.360)
Net VDD: has special routes with opens at (50.000, 229.220) (850.000, 230.760)
Net VDD: has special routes with opens at (50.000, 225.620) (850.000, 227.180)
Net VDD: has special routes with opens at (50.000, 222.070) (850.000, 223.580)
Net VDD: has special routes with opens at (50.000, 49.835) (850.000, 50.730)
Net VDD: has special routes with opens at (50.000, 52.870) (850.000, 54.330)
Net VDD: has special routes with opens at (50.000, 56.440) (850.000, 57.960)
Net VDD: has special routes with opens at (50.000, 60.040) (850.000, 61.570)
Net VDD: has special routes with opens at (50.000, 63.600) (850.000, 65.160)
Net VDD: has special routes with opens at (50.000, 67.220) (850.000, 68.760)
Net VDD: has special routes with opens at (50.000, 70.830) (850.000, 72.400)
Net VDD: has special routes with opens at (50.000, 74.440) (850.000, 75.965)
Net VDD: has special routes with opens at (50.000, 78.020) (850.000, 79.600)
Net VDD: has special routes with opens at (50.000, 81.620) (850.000, 83.180)
Net VDD: has special routes with opens at (50.000, 594.920) (850.000, 596.920)
Net VDD: has special routes with opens at (50.000, 222.080) (850.000, 224.080)
Net VDD: has special routes with opens at (50.000, 50.000) (850.000, 52.000)
Net VDD: has special routes with opens at (50.000, 78.680) (850.000, 80.680)
Net VDD: dangling Wire at (50.000, 582.800) (50.000, 582.800) on layer: M1
Net VDD: dangling Wire at (50.000, 575.600) (50.000, 575.600) on layer: M1
Net VDD: dangling Wire at (50.000, 550.400) (50.000, 550.400) on layer: M1
Net VDD: dangling Wire at (50.000, 546.800) (50.000, 546.800) on layer: M1
Net VDD: dangling Wire at (50.000, 543.200) (50.000, 543.200) on layer: M1
Net VDD: dangling Wire at (50.000, 539.600) (50.000, 539.600) on layer: M1
Net VDD: dangling Wire at (50.000, 532.400) (50.000, 532.400) on layer: M1
Net VDD: dangling Wire at (50.000, 521.600) (50.000, 521.600) on layer: M1
Net VDD: dangling Wire at (50.000, 507.200) (50.000, 507.200) on layer: M1
Net VDD: dangling Wire at (50.000, 496.400) (50.000, 496.400) on layer: M1
Net VDD: dangling Wire at (50.000, 471.200) (50.000, 471.200) on layer: M1
Net VDD: dangling Wire at (50.000, 478.400) (50.000, 478.400) on layer: M1
Net VDD: dangling Wire at (50.000, 485.600) (50.000, 485.600) on layer: M1
Net VDD: dangling Wire at (50.000, 464.000) (50.000, 464.000) on layer: M1
Net VDD: dangling Wire at (50.000, 453.200) (50.000, 453.200) on layer: M1
Net VDD: dangling Wire at (50.000, 442.400) (50.000, 442.400) on layer: M1
Net VDD: dangling Wire at (50.000, 428.000) (50.000, 428.000) on layer: M1
Net VDD: dangling Wire at (50.000, 435.200) (50.000, 435.200) on layer: M1
Net VDD: dangling Wire at (50.000, 402.800) (50.000, 402.800) on layer: M1
Net VDD: dangling Wire at (50.000, 399.200) (50.000, 399.200) on layer: M1
Net VDD: dangling Wire at (50.000, 392.000) (50.000, 392.000) on layer: M1
Net VDD: dangling Wire at (50.000, 374.000) (50.000, 374.000) on layer: M1
Net VDD: dangling Wire at (50.000, 370.400) (50.000, 370.400) on layer: M1
Net VDD: dangling Wire at (50.000, 366.800) (50.000, 366.800) on layer: M1
Net VDD: dangling Wire at (50.000, 359.600) (50.000, 359.600) on layer: M1
Net VDD: dangling Wire at (50.000, 352.400) (50.000, 352.400) on layer: M1
Net VDD: dangling Wire at (50.000, 341.600) (50.000, 341.600) on layer: M1
Net VDD: dangling Wire at (50.000, 338.000) (50.000, 338.000) on layer: M1
Net VDD: dangling Wire at (850.000, 496.400) (850.000, 496.400) on layer: M1
Net VDD: dangling Wire at (850.000, 352.400) (850.000, 352.400) on layer: M1
Net VDD: dangling Wire at (850.000, 204.800) (850.000, 204.800) on layer: M1
Net VDD: dangling Wire at (850.000, 190.400) (850.000, 190.400) on layer: M1
Net VDD: dangling Wire at (850.000, 158.000) (850.000, 158.000) on layer: M1
Net VDD: dangling Wire at (850.000, 114.800) (850.000, 114.800) on layer: M1
Net VDD: dangling Wire at (50.000, 302.000) (50.000, 302.000) on layer: M1
Net VDD: dangling Wire at (50.000, 309.200) (50.000, 309.200) on layer: M1
Net VDD: dangling Wire at (50.000, 298.400) (50.000, 298.400) on layer: M1
Net VDD: dangling Wire at (50.000, 291.200) (50.000, 291.200) on layer: M1
Net VDD: dangling Wire at (50.000, 273.200) (50.000, 273.200) on layer: M1
Net VDD: dangling Wire at (50.000, 219.200) (50.000, 219.200) on layer: M1
Net VDD: dangling Wire at (50.000, 262.400) (50.000, 262.400) on layer: M1
Net VDD: dangling Wire at (50.000, 194.000) (50.000, 194.000) on layer: M1
Net VDD: dangling Wire at (50.000, 190.400) (50.000, 190.400) on layer: M1
Net VDD: dangling Wire at (50.000, 186.800) (50.000, 186.800) on layer: M1
Net VDD: dangling Wire at (50.000, 212.000) (50.000, 212.000) on layer: M1
Net VDD: dangling Wire at (50.000, 204.800) (50.000, 204.800) on layer: M1
Net VDD: dangling Wire at (50.000, 183.200) (50.000, 183.200) on layer: M1
Net VDD: dangling Wire at (50.000, 179.600) (50.000, 179.600) on layer: M1
Net VDD: dangling Wire at (50.000, 172.400) (50.000, 172.400) on layer: M1
Net VDD: dangling Wire at (50.000, 168.800) (50.000, 168.800) on layer: M1
Net VDD: dangling Wire at (50.000, 165.200) (50.000, 165.200) on layer: M1
Net VDD: dangling Wire at (50.000, 150.800) (50.000, 150.800) on layer: M1
Net VDD: dangling Wire at (50.000, 143.600) (50.000, 143.600) on layer: M1
Net VDD: dangling Wire at (50.000, 140.000) (50.000, 140.000) on layer: M1
Net VDD: dangling Wire at (50.000, 93.200) (50.000, 93.200) on layer: M1
Net VDD: dangling Wire at (50.000, 595.920) (50.000, 595.920) on layer: M5
Net VDD: dangling Wire at (850.000, 595.920) (850.000, 595.920) on layer: M5
Net VDD: dangling Wire at (50.000, 567.240) (50.000, 567.240) on layer: M5
Net VDD: dangling Wire at (850.000, 567.240) (850.000, 567.240) on layer: M5
Net VDD: dangling Wire at (50.000, 538.560) (50.000, 538.560) on layer: M5
Net VDD: dangling Wire at (850.000, 538.560) (850.000, 538.560) on layer: M5
Net VDD: dangling Wire at (50.000, 509.880) (50.000, 509.880) on layer: M5
Net VDD: dangling Wire at (850.000, 509.880) (850.000, 509.880) on layer: M5
Net VDD: dangling Wire at (50.000, 481.200) (50.000, 481.200) on layer: M5
Net VDD: dangling Wire at (850.000, 481.200) (850.000, 481.200) on layer: M5
Net VDD: dangling Wire at (50.000, 452.520) (50.000, 452.520) on layer: M5
Net VDD: dangling Wire at (850.000, 452.520) (850.000, 452.520) on layer: M5
Net VDD: dangling Wire at (50.000, 423.840) (50.000, 423.840) on layer: M5
Net VDD: dangling Wire at (850.000, 423.840) (850.000, 423.840) on layer: M5
Net VDD: dangling Wire at (50.000, 395.160) (50.000, 395.160) on layer: M5
Net VDD: dangling Wire at (850.000, 395.160) (850.000, 395.160) on layer: M5
Net VDD: dangling Wire at (50.000, 366.480) (50.000, 366.480) on layer: M5
Net VDD: dangling Wire at (850.000, 366.480) (850.000, 366.480) on layer: M5
Net VDD: dangling Wire at (50.000, 337.800) (50.000, 337.800) on layer: M5
Net VDD: dangling Wire at (850.000, 337.800) (850.000, 337.800) on layer: M5
Net VDD: dangling Wire at (50.000, 309.120) (50.000, 309.120) on layer: M5
Net VDD: dangling Wire at (850.000, 309.120) (850.000, 309.120) on layer: M5
Net VDD: dangling Wire at (50.000, 280.440) (50.000, 280.440) on layer: M5
Net VDD: dangling Wire at (850.000, 280.440) (850.000, 280.440) on layer: M5
Net VDD: dangling Wire at (50.000, 251.760) (50.000, 251.760) on layer: M5
Net VDD: dangling Wire at (850.000, 251.760) (850.000, 251.760) on layer: M5
Net VDD: dangling Wire at (50.000, 223.080) (50.000, 223.080) on layer: M5
Net VDD: dangling Wire at (850.000, 223.080) (850.000, 223.080) on layer: M5
Net VDD: dangling Wire at (50.000, 194.400) (50.000, 194.400) on layer: M5
Net VDD: dangling Wire at (850.000, 194.400) (850.000, 194.400) on layer: M5
Net VDD: dangling Wire at (50.000, 165.720) (50.000, 165.720) on layer: M5
Net VDD: dangling Wire at (850.000, 165.720) (850.000, 165.720) on layer: M5
Net VDD: dangling Wire at (50.000, 137.040) (50.000, 137.040) on layer: M5
Net VDD: dangling Wire at (850.000, 137.040) (850.000, 137.040) on layer: M5
Net VDD: dangling Wire at (50.000, 108.360) (50.000, 108.360) on layer: M5
Net VDD: dangling Wire at (850.000, 108.360) (850.000, 108.360) on layer: M5
Net VDD: dangling Wire at (50.000, 51.000) (50.000, 51.000) on layer: M5
Net VDD: dangling Wire at (850.000, 51.000) (850.000, 51.000) on layer: M5
Net VDD: dangling Wire at (50.000, 79.680) (50.000, 79.680) on layer: M5
Net VDD: dangling Wire at (850.000, 79.680) (850.000, 79.680) on layer: M5
Net VSS: has special routes with opens at (50.000, 240.715) (850.000, 585.675)
Net VSS: has special routes with opens at (50.000, 85.695) (850.000, 221.555)
Net VSS: has special routes with opens at (50.000, 591.095) (850.000, 592.505)
Net VSS: has special routes with opens at (50.000, 598.445) (850.000, 599.165)
Net VSS: has special routes with opens at (50.000, 594.705) (850.000, 595.955)
Net VSS: has special routes with opens at (50.000, 587.495) (850.000, 588.905)
Net VSS: has special routes with opens at (50.000, 223.895) (850.000, 225.305)
Net VSS: has special routes with opens at (50.000, 227.505) (850.000, 228.905)
Net VSS: has special routes with opens at (50.000, 238.295) (850.000, 239.705)
Net VSS: has special routes with opens at (50.000, 234.695) (850.000, 236.105)
Net VSS: has special routes with opens at (50.000, 231.095) (850.000, 232.505)
Net VSS: has special routes with opens at (50.000, 51.245) (850.000, 52.355)
Net VSS: has special routes with opens at (50.000, 54.845) (850.000, 56.000)
Net VSS: has special routes with opens at (50.000, 58.305) (850.000, 59.700)
Net VSS: has special routes with opens at (50.000, 61.905) (850.000, 63.295)
Net VSS: has special routes with opens at (50.000, 65.505) (850.000, 66.895)
Net VSS: has special routes with opens at (50.000, 69.105) (850.000, 70.505)
Net VSS: has special routes with opens at (50.000, 72.695) (850.000, 74.095)
Net VSS: has special routes with opens at (50.000, 76.295) (850.000, 77.695)
Net VSS: has special routes with opens at (50.000, 79.905) (850.000, 81.305)
Net VSS: has special routes with opens at (50.000, 83.495) (850.000, 84.755)
Net VSS: has special routes with opens at (50.000, 597.920) (850.000, 599.920)
Net VSS: has special routes with opens at (50.000, 225.080) (850.000, 227.080)
Net VSS: has special routes with opens at (50.000, 53.000) (850.000, 55.000)
Net VSS: has special routes with opens at (50.000, 81.680) (850.000, 83.680)
Net VSS: dangling Wire at (50.000, 552.200) (50.000, 552.200) on layer: M1
Net VSS: dangling Wire at (50.000, 573.800) (50.000, 573.800) on layer: M1
Net VSS: dangling Wire at (50.000, 581.000) (50.000, 581.000) on layer: M1
Net VSS: dangling Wire at (50.000, 548.600) (50.000, 548.600) on layer: M1
Net VSS: dangling Wire at (50.000, 545.000) (50.000, 545.000) on layer: M1
Net VSS: dangling Wire at (50.000, 541.400) (50.000, 541.400) on layer: M1
Net VSS: dangling Wire at (50.000, 534.200) (50.000, 534.200) on layer: M1
Net VSS: dangling Wire at (50.000, 516.200) (50.000, 516.200) on layer: M1
Net VSS: dangling Wire at (50.000, 498.200) (50.000, 498.200) on layer: M1
Net VSS: dangling Wire at (50.000, 487.400) (50.000, 487.400) on layer: M1
Net VSS: dangling Wire at (50.000, 480.200) (50.000, 480.200) on layer: M1
Net VSS: dangling Wire at (50.000, 476.600) (50.000, 476.600) on layer: M1
Net VSS: dangling Wire at (50.000, 458.600) (50.000, 458.600) on layer: M1
Net VSS: dangling Wire at (50.000, 444.200) (50.000, 444.200) on layer: M1
Net VSS: dangling Wire at (50.000, 429.800) (50.000, 429.800) on layer: M1
Net VSS: dangling Wire at (50.000, 426.200) (50.000, 426.200) on layer: M1
Net VSS: dangling Wire at (50.000, 401.000) (50.000, 401.000) on layer: M1
Net VSS: dangling Wire at (50.000, 397.400) (50.000, 397.400) on layer: M1
Net VSS: dangling Wire at (50.000, 386.600) (50.000, 386.600) on layer: M1
Net VSS: dangling Wire at (50.000, 372.200) (50.000, 372.200) on layer: M1
Net VSS: dangling Wire at (50.000, 368.600) (50.000, 368.600) on layer: M1
Net VSS: dangling Wire at (50.000, 365.000) (50.000, 365.000) on layer: M1
Net VSS: dangling Wire at (50.000, 354.200) (50.000, 354.200) on layer: M1
Net VSS: dangling Wire at (50.000, 350.600) (50.000, 350.600) on layer: M1
Net VSS: dangling Wire at (50.000, 339.800) (50.000, 339.800) on layer: M1
Net VSS: dangling Wire at (850.000, 591.800) (850.000, 591.800) on layer: M1
Net VSS: dangling Wire at (850.000, 599.000) (850.000, 599.000) on layer: M1
Net VSS: dangling Wire at (850.000, 509.000) (850.000, 509.000) on layer: M1
Net VSS: dangling Wire at (850.000, 440.600) (850.000, 440.600) on layer: M1
Net VSS: dangling Wire at (850.000, 393.800) (850.000, 393.800) on layer: M1
Net VSS: dangling Wire at (850.000, 206.600) (850.000, 206.600) on layer: M1
Net VSS: dangling Wire at (850.000, 123.800) (850.000, 123.800) on layer: M1
Net VSS: dangling Wire at (850.000, 116.600) (850.000, 116.600) on layer: M1
Net VSS: dangling Wire at (850.000, 109.400) (850.000, 109.400) on layer: M1
Net VSS: dangling Wire at (50.000, 314.600) (50.000, 314.600) on layer: M1
Net VSS: dangling Wire at (50.000, 300.200) (50.000, 300.200) on layer: M1
Net VSS: dangling Wire at (50.000, 296.600) (50.000, 296.600) on layer: M1
Net VSS: dangling Wire at (50.000, 285.800) (50.000, 285.800) on layer: M1
Net VSS: dangling Wire at (50.000, 260.600) (50.000, 260.600) on layer: M1
Net VSS: dangling Wire at (50.000, 267.800) (50.000, 267.800) on layer: M1
Net VSS: dangling Wire at (50.000, 192.200) (50.000, 192.200) on layer: M1
Net VSS: dangling Wire at (50.000, 188.600) (50.000, 188.600) on layer: M1
Net VSS: dangling Wire at (50.000, 185.000) (50.000, 185.000) on layer: M1
Net VSS: dangling Wire at (50.000, 206.600) (50.000, 206.600) on layer: M1
Net VSS: dangling Wire at (50.000, 199.400) (50.000, 199.400) on layer: M1
Net VSS: dangling Wire at (50.000, 181.400) (50.000, 181.400) on layer: M1
Net VSS: dangling Wire at (50.000, 177.800) (50.000, 177.800) on layer: M1
Net VSS: dangling Wire at (50.000, 170.600) (50.000, 170.600) on layer: M1
Net VSS: dangling Wire at (50.000, 167.000) (50.000, 167.000) on layer: M1
Net VSS: dangling Wire at (50.000, 163.400) (50.000, 163.400) on layer: M1
Net VSS: dangling Wire at (50.000, 145.400) (50.000, 145.400) on layer: M1
Net VSS: dangling Wire at (50.000, 141.800) (50.000, 141.800) on layer: M1
Net VSS: dangling Wire at (50.000, 95.000) (50.000, 95.000) on layer: M1
Net VSS: dangling Wire at (850.000, 303.800) (850.000, 303.800) on layer: M1
Net VSS: dangling Wire at (850.000, 242.600) (850.000, 242.600) on layer: M1
Net VSS: dangling Wire at (50.000, 598.920) (50.000, 598.920) on layer: M5
Net VSS: dangling Wire at (850.000, 598.920) (850.000, 598.920) on layer: M5
Net VSS: dangling Wire at (50.000, 570.240) (50.000, 570.240) on layer: M5
Net VSS: dangling Wire at (850.000, 570.240) (850.000, 570.240) on layer: M5
Net VSS: dangling Wire at (50.000, 541.560) (50.000, 541.560) on layer: M5
Net VSS: dangling Wire at (850.000, 541.560) (850.000, 541.560) on layer: M5
Net VSS: dangling Wire at (50.000, 512.880) (50.000, 512.880) on layer: M5
Net VSS: dangling Wire at (850.000, 512.880) (850.000, 512.880) on layer: M5
Net VSS: dangling Wire at (50.000, 484.200) (50.000, 484.200) on layer: M5
Net VSS: dangling Wire at (850.000, 484.200) (850.000, 484.200) on layer: M5
Net VSS: dangling Wire at (50.000, 455.520) (50.000, 455.520) on layer: M5
Net VSS: dangling Wire at (850.000, 455.520) (850.000, 455.520) on layer: M5
Net VSS: dangling Wire at (50.000, 426.840) (50.000, 426.840) on layer: M5
Net VSS: dangling Wire at (850.000, 426.840) (850.000, 426.840) on layer: M5
Net VSS: dangling Wire at (50.000, 398.160) (50.000, 398.160) on layer: M5
Net VSS: dangling Wire at (850.000, 398.160) (850.000, 398.160) on layer: M5
Net VSS: dangling Wire at (50.000, 369.480) (50.000, 369.480) on layer: M5
Net VSS: dangling Wire at (850.000, 369.480) (850.000, 369.480) on layer: M5
Net VSS: dangling Wire at (50.000, 340.800) (50.000, 340.800) on layer: M5
Net VSS: dangling Wire at (850.000, 340.800) (850.000, 340.800) on layer: M5
Net VSS: dangling Wire at (50.000, 312.120) (50.000, 312.120) on layer: M5
Net VSS: dangling Wire at (850.000, 312.120) (850.000, 312.120) on layer: M5
Net VSS: dangling Wire at (50.000, 283.440) (50.000, 283.440) on layer: M5
Net VSS: dangling Wire at (850.000, 283.440) (850.000, 283.440) on layer: M5
Net VSS: dangling Wire at (50.000, 254.760) (50.000, 254.760) on layer: M5
Net VSS: dangling Wire at (850.000, 254.760) (850.000, 254.760) on layer: M5
Net VSS: dangling Wire at (50.000, 226.080) (50.000, 226.080) on layer: M5
Net VSS: dangling Wire at (850.000, 226.080) (850.000, 226.080) on layer: M5
Net VSS: dangling Wire at (50.000, 197.400) (50.000, 197.400) on layer: M5
Net VSS: dangling Wire at (850.000, 197.400) (850.000, 197.400) on layer: M5
Net VSS: dangling Wire at (50.000, 168.720) (50.000, 168.720) on layer: M5
Net VSS: dangling Wire at (850.000, 168.720) (850.000, 168.720) on layer: M5
Net VSS: dangling Wire at (50.000, 140.040) (50.000, 140.040) on layer: M5
Net VSS: dangling Wire at (850.000, 140.040) (850.000, 140.040) on layer: M5
Net VSS: dangling Wire at (50.000, 111.360) (50.000, 111.360) on layer: M5
Net VSS: dangling Wire at (850.000, 111.360) (850.000, 111.360) on layer: M5
Net VSS: dangling Wire at (50.000, 54.000) (50.000, 54.000) on layer: M5
Net VSS: dangling Wire at (850.000, 54.000) (850.000, 54.000) on layer: M5
Net VSS: dangling Wire at (50.000, 82.680) (50.000, 82.680) on layer: M5
Net VSS: dangling Wire at (850.000, 82.680) (850.000, 82.680) on layer: M5

Begin Summary
    50 Problem(s) (IMPVFC-200): Special Wires: Pieces of the net are not connected together.
    190 Problem(s) (IMPVFC-94): The net has dangling wire(s).
    240 total info(s) created.
End Summary
