###############################################################
#  Generated by:      Cadence Innovus 15.23-s045_1
#  OS:                Linux x86_64(Host ID ieng6-ece-08.ucsd.edu)
#  Generated on:      Sun Mar 23 19:05:47 2025
#  Design:            core
#  Command:           verifyGeometry
###############################################################

SHORT: Regular Via of Net sfp_row_instance/n658 & Blockage of Cell sfp_row_instance/FE_RC_3550_0  ( M1 )
Bounds : ( 440.410, 245.075 ) ( 440.590, 245.175 )


SHORT: Regular Via of Net mac_array_instance/col_idx_6__mac_col_inst/mac_8in_instance/mac_instance_0__mac_instance/n12 & Blockage of Cell mac_array_instance/col_idx_6__mac_col_inst/mac_8in_instance/mac_instance_0__mac_instance/U18  ( M1 )
Bounds : ( 764.810, 407.675 ) ( 764.990, 407.775 )


SHORT: Regular Via of Net mac_array_instance/col_idx_6__mac_col_inst/mac_8in_instance/mac_instance_7__mac_instance/n11 & Blockage of Cell mac_array_instance/col_idx_6__mac_col_inst/mac_8in_instance/mac_instance_7__mac_instance/FE_RC_6362_0  ( M1 )
Bounds : ( 654.810, 393.275 ) ( 654.990, 393.375 )


SHORT: Regular Via of Net mac_array_instance/col_idx_2__mac_col_inst/mac_8in_instance/mac_instance_5__mac_instance/n10 & Blockage of Cell mac_array_instance/col_idx_2__mac_col_inst/mac_8in_instance/mac_instance_5__mac_instance/U18  ( M1 )
Bounds : ( 493.210, 415.825 ) ( 493.390, 415.925 )


SHORT: Regular Via of Net sum_out[13] & Blockage of Cell sfp_row_instance/fifo_inst_ext/FE_RC_7539_0  ( M1 )
Bounds : ( 702.050, 549.910 ) ( 702.150, 550.090 )


SHORT: Regular Via of Net sfp_row_instance/n1057 & Blockage of Cell sfp_row_instance/FE_RC_3674_0  ( M1 )
Bounds : ( 193.010, 81.025 ) ( 193.190, 81.125 )


SHORT: Regular Via of Net fifo_out[108] & Blockage of Cell ofifo_inst/col_idx_5__fifo_instance/U86  ( M1 )
Bounds : ( 590.850, 316.710 ) ( 590.950, 316.890 )


SHORT: Regular Via of Net mac_array_instance/col_idx_7__mac_col_inst/mac_8in_instance/mac_instance_5__mac_instance/u_mul_tc_8_8/u_booth_decoder_4/booth_decoder_loop_0__u_booth_decoder/n5 & Blockage of Cell mac_array_instance/col_idx_7__mac_col_inst/mac_8in_instance/mac_instance_5__mac_instance/u_mul_tc_8_8/u_booth_decoder_4/booth_decoder_loop_0__u_booth_decoder/FE_RC_2227_0  ( M1 )
Bounds : ( 692.610, 324.280 ) ( 692.790, 324.380 )


SHORT: Regular Via of Net sfp_row_instance/n561 & Blockage of Cell sfp_row_instance/FE_RC_3651_0  ( M1 )
Bounds : ( 565.010, 225.100 ) ( 565.190, 225.200 )



Begin Summary ...
  Cells       : 0
  SameNet     : 0
  Wiring      : 0
  Antenna     : 0
  Short       : 9
  Overlap     : 0
End Summary

  Total Violations : 9 Viols.
