###############################################################
#  Generated by:      Cadence Innovus 15.23-s045_1
#  OS:                Linux x86_64(Host ID ieng6-ece-08.ucsd.edu)
#  Generated on:      Sun Mar 23 19:05:54 2025
#  Design:            core
#  Command:           report_timing -max_paths 5 > ${design}.post_route.timing.rpt
###############################################################
Path 1: VIOLATED Late External Delay Assertion 
Endpoint:   sum_out[2]                                           (v) checked 
with  leading edge of 'clk_o'
Beginpoint: sfp_row_instance/fifo_inst_ext/fifo_mem_reg_10__2_/Q (v) triggered 
by  leading edge of 'clk_o'
Path Groups: {clk_o}
Analysis View: WC_VIEW
Other End Arrival Time          0.000
- External Delay                0.200
+ Phase Shift                   1.000
+ CPPR Adjustment               0.000
= Required Time                 0.800
- Arrival Time                  1.802
= Slack Time                   -1.002
     Clock Rise Edge                 0.000
     + Clock Network Latency (Prop)  1.414
     = Beginpoint Arrival Time       1.414
     +----------------------------------------------------------------------------------------------------------+ 
     |                      Instance                      |     Arc      |  Cell   | Delay | Arrival | Required | 
     |                                                    |              |         |       |  Time   |   Time   | 
     |----------------------------------------------------+--------------+---------+-------+---------+----------| 
     | sfp_row_instance/fifo_inst_ext/fifo_mem_reg_10__2_ | CP ^         |         |       |   1.414 |    0.412 | 
     | sfp_row_instance/fifo_inst_ext/fifo_mem_reg_10__2_ | CP ^ -> Q v  | DFQD1   | 0.147 |   1.561 |    0.559 | 
     | sfp_row_instance/fifo_inst_ext/U120                | A1 v -> ZN ^ | AOI22D1 | 0.051 |   1.612 |    0.610 | 
     | sfp_row_instance/fifo_inst_ext/U38                 | A1 ^ -> Z ^  | AN4XD1  | 0.127 |   1.739 |    0.737 | 
     | sfp_row_instance/fifo_inst_ext/FE_RC_7533_0        | B2 ^ -> ZN v | IND3D4  | 0.063 |   1.802 |    0.800 | 
     |                                                    | sum_out[2] v |         | 0.000 |   1.802 |    0.800 | 
     +----------------------------------------------------------------------------------------------------------+ 
Path 2: VIOLATED Late External Delay Assertion 
Endpoint:   sum_out[0]                                           (v) checked 
with  leading edge of 'clk_o'
Beginpoint: sfp_row_instance/fifo_inst_ext/fifo_mem_reg_10__0_/Q (v) triggered 
by  leading edge of 'clk_o'
Path Groups: {clk_o}
Analysis View: WC_VIEW
Other End Arrival Time          0.000
- External Delay                0.200
+ Phase Shift                   1.000
+ CPPR Adjustment               0.000
= Required Time                 0.800
- Arrival Time                  1.800
= Slack Time                   -1.000
     Clock Rise Edge                 0.000
     + Clock Network Latency (Prop)  1.414
     = Beginpoint Arrival Time       1.414
     +----------------------------------------------------------------------------------------------------------+ 
     |                      Instance                      |     Arc      |  Cell   | Delay | Arrival | Required | 
     |                                                    |              |         |       |  Time   |   Time   | 
     |----------------------------------------------------+--------------+---------+-------+---------+----------| 
     | sfp_row_instance/fifo_inst_ext/fifo_mem_reg_10__0_ | CP ^         |         |       |   1.414 |    0.413 | 
     | sfp_row_instance/fifo_inst_ext/fifo_mem_reg_10__0_ | CP ^ -> Q v  | DFQD1   | 0.147 |   1.561 |    0.560 | 
     | sfp_row_instance/fifo_inst_ext/U316                | A1 v -> ZN ^ | AOI22D1 | 0.047 |   1.608 |    0.608 | 
     | sfp_row_instance/fifo_inst_ext/U44                 | A1 ^ -> Z ^  | AN4XD1  | 0.120 |   1.728 |    0.728 | 
     | sfp_row_instance/fifo_inst_ext/U31                 | A1 ^ -> ZN v | CKND2D2 | 0.072 |   1.800 |    0.800 | 
     |                                                    | sum_out[0] v |         | 0.000 |   1.800 |    0.800 | 
     +----------------------------------------------------------------------------------------------------------+ 
Path 3: VIOLATED Late External Delay Assertion 
Endpoint:   sum_out[18]                                           (v) checked 
with  leading edge of 'clk_o'
Beginpoint: sfp_row_instance/fifo_inst_ext/fifo_mem_reg_10__18_/Q (v) triggered 
by  leading edge of 'clk_o'
Path Groups: {clk_o}
Analysis View: WC_VIEW
Other End Arrival Time          0.000
- External Delay                0.200
+ Phase Shift                   1.000
+ CPPR Adjustment               0.000
= Required Time                 0.800
- Arrival Time                  1.788
= Slack Time                   -0.988
     Clock Rise Edge                 0.000
     + Clock Network Latency (Prop)  1.414
     = Beginpoint Arrival Time       1.414
     +-----------------------------------------------------------------------------------------------------------+ 
     |                      Instance                      |      Arc      |  Cell   | Delay | Arrival | Required | 
     |                                                    |               |         |       |  Time   |   Time   | 
     |----------------------------------------------------+---------------+---------+-------+---------+----------| 
     | sfp_row_instance/fifo_inst_ext/fifo_mem_reg_10__18 | CP ^          |         |       |   1.414 |    0.426 | 
     | _                                                  |               |         |       |         |          | 
     | sfp_row_instance/fifo_inst_ext/fifo_mem_reg_10__18 | CP ^ -> Q v   | DFQD1   | 0.146 |   1.560 |    0.572 | 
     | _                                                  |               |         |       |         |          | 
     | sfp_row_instance/fifo_inst_ext/U224                | A1 v -> ZN ^  | AOI22D1 | 0.047 |   1.607 |    0.619 | 
     | sfp_row_instance/fifo_inst_ext/U45                 | A1 ^ -> Z ^   | AN4D2   | 0.113 |   1.721 |    0.733 | 
     | sfp_row_instance/fifo_inst_ext/FE_RC_7545_0        | B2 ^ -> ZN v  | IND3D4  | 0.067 |   1.788 |    0.800 | 
     |                                                    | sum_out[18] v |         | 0.000 |   1.788 |    0.800 | 
     +-----------------------------------------------------------------------------------------------------------+ 
Path 4: VIOLATED Late External Delay Assertion 
Endpoint:   sum_out[1]                                           (v) checked 
with  leading edge of 'clk_o'
Beginpoint: sfp_row_instance/fifo_inst_ext/fifo_mem_reg_10__1_/Q (v) triggered 
by  leading edge of 'clk_o'
Path Groups: {clk_o}
Analysis View: WC_VIEW
Other End Arrival Time          0.000
- External Delay                0.200
+ Phase Shift                   1.000
+ CPPR Adjustment               0.000
= Required Time                 0.800
- Arrival Time                  1.788
= Slack Time                   -0.988
     Clock Rise Edge                 0.000
     + Clock Network Latency (Prop)  1.414
     = Beginpoint Arrival Time       1.414
     +----------------------------------------------------------------------------------------------------------+ 
     |                      Instance                      |     Arc      |  Cell   | Delay | Arrival | Required | 
     |                                                    |              |         |       |  Time   |   Time   | 
     |----------------------------------------------------+--------------+---------+-------+---------+----------| 
     | sfp_row_instance/fifo_inst_ext/fifo_mem_reg_10__1_ | CP ^         |         |       |   1.414 |    0.426 | 
     | sfp_row_instance/fifo_inst_ext/fifo_mem_reg_10__1_ | CP ^ -> Q v  | DFQD1   | 0.146 |   1.560 |    0.572 | 
     | sfp_row_instance/fifo_inst_ext/U114                | A1 v -> ZN ^ | AOI22D1 | 0.054 |   1.614 |    0.626 | 
     | sfp_row_instance/fifo_inst_ext/U269                | A1 ^ -> Z ^  | AN4D2   | 0.123 |   1.738 |    0.750 | 
     | sfp_row_instance/fifo_inst_ext/FE_RC_7531_0        | B1 ^ -> ZN v | IND2D4  | 0.050 |   1.788 |    0.800 | 
     |                                                    | sum_out[1] v |         | 0.000 |   1.788 |    0.800 | 
     +----------------------------------------------------------------------------------------------------------+ 
Path 5: VIOLATED Late External Delay Assertion 
Endpoint:   sum_out[3]                                           (v) checked 
with  leading edge of 'clk_o'
Beginpoint: sfp_row_instance/fifo_inst_ext/fifo_mem_reg_10__3_/Q (v) triggered 
by  leading edge of 'clk_o'
Path Groups: {clk_o}
Analysis View: WC_VIEW
Other End Arrival Time          0.000
- External Delay                0.200
+ Phase Shift                   1.000
+ CPPR Adjustment               0.000
= Required Time                 0.800
- Arrival Time                  1.785
= Slack Time                   -0.985
     Clock Rise Edge                 0.000
     + Clock Network Latency (Prop)  1.413
     = Beginpoint Arrival Time       1.413
     +----------------------------------------------------------------------------------------------------------+ 
     |                      Instance                      |     Arc      |  Cell   | Delay | Arrival | Required | 
     |                                                    |              |         |       |  Time   |   Time   | 
     |----------------------------------------------------+--------------+---------+-------+---------+----------| 
     | sfp_row_instance/fifo_inst_ext/fifo_mem_reg_10__3_ | CP ^         |         |       |   1.413 |    0.427 | 
     | sfp_row_instance/fifo_inst_ext/fifo_mem_reg_10__3_ | CP ^ -> Q v  | DFQD1   | 0.147 |   1.559 |    0.574 | 
     | sfp_row_instance/fifo_inst_ext/U127                | A2 v -> ZN ^ | AOI22D1 | 0.055 |   1.615 |    0.630 | 
     | sfp_row_instance/fifo_inst_ext/U39                 | A2 ^ -> Z ^  | AN4XD1  | 0.109 |   1.724 |    0.739 | 
     | sfp_row_instance/fifo_inst_ext/U25                 | A1 ^ -> ZN v | CKND2D1 | 0.061 |   1.785 |    0.800 | 
     |                                                    | sum_out[3] v |         | 0.000 |   1.785 |    0.800 | 
     +----------------------------------------------------------------------------------------------------------+ 

