###############################################################
#  Generated by:      Cadence Innovus 15.23-s045_1
#  OS:                Linux x86_64(Host ID ieng6-ece-08.ucsd.edu)
#  Generated on:      Sun Mar 23 12:35:47 2025
#  Design:            fullchip
#  Command:           report_timing -max_paths 5 > ${design}.post_route.timing.rpt
###############################################################
Path 1: VIOLATED Late External Delay Assertion 
Endpoint:   out[283]                (^) checked with  leading edge of 'clk'
Beginpoint: core_instance1/out[123] (^) triggered by  leading edge of 'clk'
Path Groups: {clk}
Analysis View: WC_VIEW
Other End Arrival Time          0.000
- External Delay                0.200
+ Phase Shift                   1.000
+ CPPR Adjustment               0.000
= Required Time                 0.800
- Arrival Time                  2.859
= Slack Time                   -2.059
     Clock Rise Edge                 0.000
     + Clock Network Latency (Prop)  0.441
     = Beginpoint Arrival Time       0.441
     +---------------------------------------------------------------------------------+ 
     |      Instance      |         Arc         |  Cell   | Delay | Arrival | Required | 
     |                    |                     |         |       |  Time   |   Time   | 
     |--------------------+---------------------+---------+-------+---------+----------| 
     | core_instance1     | clk ^               |         |       |   0.441 |   -1.618 | 
     | core_instance1     | clk ^ -> out[123] ^ | core    | 2.309 |   2.750 |    0.691 | 
     | FE_OCPC85_out_283_ | I ^ -> Z ^          | BUFFD16 | 0.104 |   2.854 |    0.796 | 
     |                    | out[283] ^          |         | 0.004 |   2.859 |    0.800 | 
     +---------------------------------------------------------------------------------+ 
Path 2: VIOLATED Late External Delay Assertion 
Endpoint:   out[282]                (^) checked with  leading edge of 'clk'
Beginpoint: core_instance1/out[122] (^) triggered by  leading edge of 'clk'
Path Groups: {clk}
Analysis View: WC_VIEW
Other End Arrival Time          0.000
- External Delay                0.200
+ Phase Shift                   1.000
+ CPPR Adjustment               0.000
= Required Time                 0.800
- Arrival Time                  2.812
= Slack Time                   -2.012
     Clock Rise Edge                 0.000
     + Clock Network Latency (Prop)  0.441
     = Beginpoint Arrival Time       0.441
     +--------------------------------------------------------------------------+ 
     |    Instance    |         Arc         | Cell | Delay | Arrival | Required | 
     |                |                     |      |       |  Time   |   Time   | 
     |----------------+---------------------+------+-------+---------+----------| 
     | core_instance1 | clk ^               |      |       |   0.441 |   -1.571 | 
     | core_instance1 | clk ^ -> out[122] ^ | core | 2.358 |   2.799 |    0.787 | 
     |                | out[282] ^          |      | 0.013 |   2.812 |    0.800 | 
     +--------------------------------------------------------------------------+ 
Path 3: VIOLATED Late External Delay Assertion 
Endpoint:   out[182]               (^) checked with  leading edge of 'clk'
Beginpoint: core_instance1/out[22] (^) triggered by  leading edge of 'clk'
Path Groups: {clk}
Analysis View: WC_VIEW
Other End Arrival Time          0.000
- External Delay                0.200
+ Phase Shift                   1.000
+ CPPR Adjustment               0.000
= Required Time                 0.800
- Arrival Time                  2.812
= Slack Time                   -2.012
     Clock Rise Edge                 0.000
     + Clock Network Latency (Prop)  0.441
     = Beginpoint Arrival Time       0.441
     +---------------------------------------------------------------------------------+ 
     |      Instance       |        Arc         |  Cell   | Delay | Arrival | Required | 
     |                     |                    |         |       |  Time   |   Time   | 
     |---------------------+--------------------+---------+-------+---------+----------| 
     | core_instance1      | clk ^              |         |       |   0.441 |   -1.571 | 
     | core_instance1      | clk ^ -> out[22] ^ | core    | 2.236 |   2.677 |    0.665 | 
     | FE_OCPC147_out_182_ | I ^ -> Z ^         | BUFFD16 | 0.131 |   2.808 |    0.796 | 
     |                     | out[182] ^         |         | 0.004 |   2.812 |    0.800 | 
     +---------------------------------------------------------------------------------+ 
Path 4: VIOLATED Late External Delay Assertion 
Endpoint:   out[302]                (^) checked with  leading edge of 'clk'
Beginpoint: core_instance1/out[142] (^) triggered by  leading edge of 'clk'
Path Groups: {clk}
Analysis View: WC_VIEW
Other End Arrival Time          0.000
- External Delay                0.200
+ Phase Shift                   1.000
+ CPPR Adjustment               0.000
= Required Time                 0.800
- Arrival Time                  2.777
= Slack Time                   -1.977
     Clock Rise Edge                 0.000
     + Clock Network Latency (Prop)  0.441
     = Beginpoint Arrival Time       0.441
     +--------------------------------------------------------------------------+ 
     |    Instance    |         Arc         | Cell | Delay | Arrival | Required | 
     |                |                     |      |       |  Time   |   Time   | 
     |----------------+---------------------+------+-------+---------+----------| 
     | core_instance1 | clk ^               |      |       |   0.441 |   -1.536 | 
     | core_instance1 | clk ^ -> out[142] ^ | core | 2.312 |   2.753 |    0.777 | 
     |                | out[302] ^          |      | 0.023 |   2.777 |    0.800 | 
     +--------------------------------------------------------------------------+ 
Path 5: VIOLATED Late External Delay Assertion 
Endpoint:   out[304]                (v) checked with  leading edge of 'clk'
Beginpoint: core_instance1/out[144] (v) triggered by  leading edge of 'clk'
Path Groups: {clk}
Analysis View: WC_VIEW
Other End Arrival Time          0.000
- External Delay                0.200
+ Phase Shift                   1.000
+ CPPR Adjustment               0.000
= Required Time                 0.800
- Arrival Time                  2.760
= Slack Time                   -1.960
     Clock Rise Edge                 0.000
     + Clock Network Latency (Prop)  0.441
     = Beginpoint Arrival Time       0.441
     +----------------------------------------------------------------------------------+ 
     |      Instance       |         Arc         |  Cell   | Delay | Arrival | Required | 
     |                     |                     |         |       |  Time   |   Time   | 
     |---------------------+---------------------+---------+-------+---------+----------| 
     | core_instance1      | clk ^               |         |       |   0.441 |   -1.519 | 
     | core_instance1      | clk ^ -> out[144] v | core    | 2.219 |   2.660 |    0.700 | 
     | FE_OCPC103_out_304_ | I v -> Z v          | BUFFD16 | 0.071 |   2.731 |    0.771 | 
     |                     | out[304] v          |         | 0.029 |   2.760 |    0.800 | 
     +----------------------------------------------------------------------------------+ 

