*----------------------------------------------------------------------------------------
*	Innovus 15.23-s045_1 (64bit) 04/22/2016 12:32 (Linux 2.6.18-194.el5)
*	
*
* 	Date & Time:	2025-Mar-23 19:30:09 (2025-Mar-24 02:30:09 GMT)
*
*----------------------------------------------------------------------------------------
*
*	Design: fullchip
*
*	Liberty Libraries used: 
*	        WC_VIEW: /home/linux/ieng6/ee260bwi25/public/PDKdata/lib/tcbn65gpluswc.lib
*	        WC_VIEW: ./subckt/core_WC.lib
*
*	Power Domain used: 
*		Rail:        VDD 	Voltage:        0.9 
*
*       Power View : WC_VIEW
*
*       User-Defined Activity : N.A.
*
*       Activity File: N.A.
*
*       Hierarchical Global Activity: N.A.
*
*       Global Activity: N.A.
*
*       Sequential Element Activity: 0.200000
*
*       Primary Input Activity: 0.200000
*
*       Default icg ratio: N.A.
*
*       Global Comb ClockGate Ratio: N.A.
*
*	Power Units = 1mW
*
*	Time Units = 1e-09 secs 
*
*       report_power -outfile fullchip.post_route.power.rpt
*
-----------------------------------------------------------------------------------------


Total Power 
-----------------------------------------------------------------------------------------
Total Internal Power:        0.81188252 	   11.7515%
Total Switching Power:       2.27123713 	   32.8747%
Total Leakage Power:         3.82565713 	   55.3739%
Total Power:                 6.90877677 
-----------------------------------------------------------------------------------------


Group                           Internal   Switching     Leakage       Total  Percentage 
                                Power      Power         Power         Power  (%)        
-----------------------------------------------------------------------------------------
Sequential                             0           0           0           0           0 
Macro                                  0       1.049       3.791        4.84       70.06 
IO                                     0           0           0           0           0 
Combinational                     0.5848       1.031     0.03302       1.649       23.86 
Clock (Combinational)             0.2271      0.1914    0.001539        0.42       6.079 
Clock (Sequential)                     0           0           0           0           0 
-----------------------------------------------------------------------------------------
Total                             0.8119       2.271       3.826       6.909         100 
-----------------------------------------------------------------------------------------


Rail                  Voltage   Internal   Switching     Leakage       Total  Percentage 
                                Power      Power         Power         Power  (%)        
-----------------------------------------------------------------------------------------
VDD                       0.9     0.8119       2.271       3.826       6.909         100 


Clock                           Internal   Switching     Leakage       Total  Percentage 
                                Power      Power         Power         Power  (%)        
-----------------------------------------------------------------------------------------
clk                               0.2271      0.1914    0.001539        0.42       6.079 
-----------------------------------------------------------------------------------------
Total (excluding duplicates)      0.2271      0.1914    0.001539        0.42       6.079 
-----------------------------------------------------------------------------------------


-----------------------------------------------------------------------------------------
*	Power Distribution Summary: 
* 		Highest Average Power:            core_instance1 (core): 	    0.5901 
* 		Highest Leakage Power:   FE_OCPC219_sum_core1_5_ (BUFFD16): 	 0.0002474 
* 		Total Cap: 	2.17798e-11 F
* 		Total instances in design: 47790
* 		Total instances in design with no power:     0
*          Total instances in design with no activity:     0
* 		Total Fillers and Decap: 47586
-----------------------------------------------------------------------------------------

